engine.h:26:23:void __tcf_0()	0	static
machine.h:16:18:virtual bool core::Machine::check_(uint8_t, core::Machine::State)	8	static
driver.h:10:1:console::Driver::~Driver()	0	static
driver.cpp:11:1:void console::Driver::ReceiveHeader()	0	static
driver.cpp:16:1:void console::Driver::ReceiveLength()	0	static
driver.cpp:41:1:void console::Driver::ReceiveData()	0	static
driver.cpp:47:1:void console::Driver::ReceiveChecksum()	0	static
machine.h:113:10:void core::ByteMachine<T>::start_(core::Machine::State) [with T = unsigned char]	16	static
driver.cpp:5:6:virtual void console::Driver::init()	16	static
driver.h:10:1:virtual console::Driver::~Driver()	8	static
driver.cpp:29:1:void console::Driver::ReceiveType()	0	static
driver.cpp:53:1:void console::Driver::ReceiveFooter()	32	static
event.h:32:10:void core::EmptyEvent::post()	16	static,ignoring_inline_asm
controller.h:9:1:void __tcf_1()	0	static
queue.h:34:10:void core::Queue::push(uint8_t)	8	static
driver.cpp:62:6:bool console::Driver::sendPacket(uint16_t, uint8_t, const uint8_t*)	32	static
driver.cpp:91:1:void console::Driver::sendHandler_()	8	static
