base.h:23:18:virtual void core::Component::init()	0	static
engine.h:26:23:void __tcf_0()	0	static
event.h:37:10:virtual void core::EmptyEvent::execute(core::AbstractEventQueue*)	4	static
machine.h:13:10:void core::Machine::NullState()	0	static
machine.h:16:18:virtual bool core::Machine::check_(uint8_t, core::Machine::State)	8	static
machine.h:17:18:virtual void core::Machine::start_(core::Machine::State)	16	static
machine.h:8:7:core::Machine::~Machine()	0	static
machine.h:94:7:core::ByteMachine<unsigned char>::~ByteMachine()	0	static
machine.h:106:10:void core::ByteMachine<T>::execute_(const T&) [with T = unsigned char]	8	static
event.h:49:7:core::FixedEvent<unsigned char>::~FixedEvent()	0	static
event.h:27:7:core::EmptyEvent::~EmptyEvent()	0	static
machine.h:113:10:void core::ByteMachine<T>::start_(core::Machine::State) [with T = unsigned char]	16	static
event.h:60:10:void core::FixedEvent<E>::execute(core::AbstractEventQueue*) [with E = unsigned char]	16	static
machine.h:8:7:virtual core::Machine::~Machine()	8	static
event.h:27:7:virtual core::EmptyEvent::~EmptyEvent()	8	static
machine.h:94:7:virtual core::ByteMachine<unsigned char>::~ByteMachine()	8	static
event.h:49:7:virtual core::FixedEvent<unsigned char>::~FixedEvent()	8	static
driver.h:10:1:void __tcf_3()	0	static
driver.h:10:1:static console::Driver& console::Driver::instance()	16	static
hal.cpp:9:6:static void console::HAL::init()	8	static,ignoring_inline_asm
hal.cpp:18:6:static bool console::HAL::txReady()	0	static
hal.cpp:23:6:static void console::HAL::write(uint8_t)	0	static
hal.cpp:28:1:void USART1_IRQHandler()	24	static,ignoring_inline_asm
