base.h:23:18:virtual void core::Component::init()	0	static
event.h:37:10:virtual void core::EmptyEvent::execute(core::AbstractEventQueue*)	4	static
machine.h:13:10:void core::Machine::NullState()	0	static
machine.h:16:18:virtual bool core::Machine::check_(uint8_t, core::Machine::State)	8	static
machine.h:17:18:virtual void core::Machine::start_(core::Machine::State)	16	static
driver.h:10:1:void __tcf_3()	0	static
machine.h:8:7:core::Machine::~Machine()	0	static
machine.h:94:7:core::ByteMachine<unsigned char>::~ByteMachine()	0	static
machine.h:106:10:void core::ByteMachine<T>::execute_(const T&) [with T = unsigned char]	8	static
event.h:49:7:core::FixedEvent<unsigned char>::~FixedEvent()	0	static
event.h:27:7:core::EmptyEvent::~EmptyEvent()	0	static
machine.h:113:10:void core::ByteMachine<T>::start_(core::Machine::State) [with T = unsigned char]	16	static
event.h:60:10:void core::FixedEvent<E>::execute(core::AbstractEventQueue*) [with E = unsigned char]	16	static
machine.h:8:7:virtual core::Machine::~Machine()	8	static
event.h:27:7:virtual core::EmptyEvent::~EmptyEvent()	8	static
machine.h:94:7:virtual core::ByteMachine<unsigned char>::~ByteMachine()	8	static
event.h:49:7:virtual core::FixedEvent<unsigned char>::~FixedEvent()	8	static
plot.cpp:7:6:void console::Controller::plot(uint8_t, int32_t)	8	static
plot.cpp:14:1:void console::Controller::plotHandler_()	88	static
