base.h:23:18:virtual void core::Component::init()	0	static
engine.h:26:23:void __tcf_0()	0	static
event.h:37:10:virtual void core::EmptyEvent::execute(core::AbstractEventQueue*)	4	static
dual.h:27:10:void osc::Dual::idle_(uint16_t, uint16_t)	0	static
dual.cpp:32:6:void osc::Dual::probing_(uint16_t, uint16_t)	0	static
dual.h:13:7:osc::Dual::~Dual()	0	static
event.h:27:7:core::EmptyEvent::~EmptyEvent()	0	static
dual.h:13:7:virtual osc::Dual::~Dual()	8	static
event.h:27:7:virtual core::EmptyEvent::~EmptyEvent()	8	static
event.h:32:10:void core::EmptyEvent::post()	16	static,ignoring_inline_asm
controller.h:9:1:void __tcf_2()	0	static
dual.cpp:47:6:void osc::Dual::first_(uint16_t, uint16_t)	12	static
controller.h:9:1:static console::Controller& console::Controller::instance()	24	static
dual.cpp:10:6:void osc::Dual::thresholding_(uint16_t, uint16_t)	16	static
data.h:24:10:void osc::Data::add(uint16_t)	20	static
dual.cpp:55:6:void osc::Dual::adding_(uint16_t, uint16_t)	16	static
data.h:41:10:bool osc::Data::flush()	24	static
dual.cpp:71:6:void osc::Dual::c1Flush_()	8	static
dual.cpp:83:6:void osc::Dual::c2Flush_()	8	static
dual.cpp:4:1:osc::Dual::Dual(uint8_t, uint16_t)	24	static
