Archive member included to satisfy reference by file (symbol)

d:/cubeide/stm32cubeide_1.7.0/stm32cubeide/plugins/com.st.stm32cube.ide.mcu.externaltools.gnu-tools-for-stm32.9-2020-q2-update.win32_2.0.0.202105311346/tools/bin/../lib/gcc/arm-none-eabi/9.3.1/../../../../arm-none-eabi/lib/thumb/v7e-m+fp/hard\libstdc++_nano.a(del_ops.o)
                              ./Components/console/controller.o (operator delete(void*, unsigned int))
d:/cubeide/stm32cubeide_1.7.0/stm32cubeide/plugins/com.st.stm32cube.ide.mcu.externaltools.gnu-tools-for-stm32.9-2020-q2-update.win32_2.0.0.202105311346/tools/bin/../lib/gcc/arm-none-eabi/9.3.1/../../../../arm-none-eabi/lib/thumb/v7e-m+fp/hard\libstdc++_nano.a(guard.o)
                              ./Components/console/controller.o (__cxa_guard_acquire)
d:/cubeide/stm32cubeide_1.7.0/stm32cubeide/plugins/com.st.stm32cube.ide.mcu.externaltools.gnu-tools-for-stm32.9-2020-q2-update.win32_2.0.0.202105311346/tools/bin/../lib/gcc/arm-none-eabi/9.3.1/../../../../arm-none-eabi/lib/thumb/v7e-m+fp/hard\libstdc++_nano.a(new_op.o)
                              ./Components/console/controller.o (operator new(unsigned int))
d:/cubeide/stm32cubeide_1.7.0/stm32cubeide/plugins/com.st.stm32cube.ide.mcu.externaltools.gnu-tools-for-stm32.9-2020-q2-update.win32_2.0.0.202105311346/tools/bin/../lib/gcc/arm-none-eabi/9.3.1/../../../../arm-none-eabi/lib/thumb/v7e-m+fp/hard\libstdc++_nano.a(pure.o)
                              ./Components/core/engine.o (__cxa_pure_virtual)
d:/cubeide/stm32cubeide_1.7.0/stm32cubeide/plugins/com.st.stm32cube.ide.mcu.externaltools.gnu-tools-for-stm32.9-2020-q2-update.win32_2.0.0.202105311346/tools/bin/../lib/gcc/arm-none-eabi/9.3.1/../../../../arm-none-eabi/lib/thumb/v7e-m+fp/hard\libstdc++_nano.a(del_op.o)
                              d:/cubeide/stm32cubeide_1.7.0/stm32cubeide/plugins/com.st.stm32cube.ide.mcu.externaltools.gnu-tools-for-stm32.9-2020-q2-update.win32_2.0.0.202105311346/tools/bin/../lib/gcc/arm-none-eabi/9.3.1/../../../../arm-none-eabi/lib/thumb/v7e-m+fp/hard\libstdc++_nano.a(del_ops.o) (operator delete(void*))
d:/cubeide/stm32cubeide_1.7.0/stm32cubeide/plugins/com.st.stm32cube.ide.mcu.externaltools.gnu-tools-for-stm32.9-2020-q2-update.win32_2.0.0.202105311346/tools/bin/../lib/gcc/arm-none-eabi/9.3.1/../../../../arm-none-eabi/lib/thumb/v7e-m+fp/hard\libstdc++_nano.a(eh_terminate.o)
                              d:/cubeide/stm32cubeide_1.7.0/stm32cubeide/plugins/com.st.stm32cube.ide.mcu.externaltools.gnu-tools-for-stm32.9-2020-q2-update.win32_2.0.0.202105311346/tools/bin/../lib/gcc/arm-none-eabi/9.3.1/../../../../arm-none-eabi/lib/thumb/v7e-m+fp/hard\libstdc++_nano.a(pure.o) (std::terminate())
d:/cubeide/stm32cubeide_1.7.0/stm32cubeide/plugins/com.st.stm32cube.ide.mcu.externaltools.gnu-tools-for-stm32.9-2020-q2-update.win32_2.0.0.202105311346/tools/bin/../lib/gcc/arm-none-eabi/9.3.1/../../../../arm-none-eabi/lib/thumb/v7e-m+fp/hard\libstdc++_nano.a(eh_unex_handler.o)
                              d:/cubeide/stm32cubeide_1.7.0/stm32cubeide/plugins/com.st.stm32cube.ide.mcu.externaltools.gnu-tools-for-stm32.9-2020-q2-update.win32_2.0.0.202105311346/tools/bin/../lib/gcc/arm-none-eabi/9.3.1/../../../../arm-none-eabi/lib/thumb/v7e-m+fp/hard\libstdc++_nano.a(eh_terminate.o) (__cxxabiv1::__unexpected_handler)
d:/cubeide/stm32cubeide_1.7.0/stm32cubeide/plugins/com.st.stm32cube.ide.mcu.externaltools.gnu-tools-for-stm32.9-2020-q2-update.win32_2.0.0.202105311346/tools/bin/../lib/gcc/arm-none-eabi/9.3.1/../../../../arm-none-eabi/lib/thumb/v7e-m+fp/hard\libstdc++_nano.a(new_handler.o)
                              d:/cubeide/stm32cubeide_1.7.0/stm32cubeide/plugins/com.st.stm32cube.ide.mcu.externaltools.gnu-tools-for-stm32.9-2020-q2-update.win32_2.0.0.202105311346/tools/bin/../lib/gcc/arm-none-eabi/9.3.1/../../../../arm-none-eabi/lib/thumb/v7e-m+fp/hard\libstdc++_nano.a(new_op.o) (std::get_new_handler())
d:/cubeide/stm32cubeide_1.7.0/stm32cubeide/plugins/com.st.stm32cube.ide.mcu.externaltools.gnu-tools-for-stm32.9-2020-q2-update.win32_2.0.0.202105311346/tools/bin/../lib/gcc/arm-none-eabi/9.3.1/../../../../arm-none-eabi/lib/thumb/v7e-m+fp/hard\libstdc++_nano.a(eh_term_handler.o)
                              d:/cubeide/stm32cubeide_1.7.0/stm32cubeide/plugins/com.st.stm32cube.ide.mcu.externaltools.gnu-tools-for-stm32.9-2020-q2-update.win32_2.0.0.202105311346/tools/bin/../lib/gcc/arm-none-eabi/9.3.1/../../../../arm-none-eabi/lib/thumb/v7e-m+fp/hard\libstdc++_nano.a(eh_terminate.o) (__cxxabiv1::__terminate_handler)
d:/cubeide/stm32cubeide_1.7.0/stm32cubeide/plugins/com.st.stm32cube.ide.mcu.externaltools.gnu-tools-for-stm32.9-2020-q2-update.win32_2.0.0.202105311346/tools/bin/../lib/gcc/arm-none-eabi/9.3.1/../../../../arm-none-eabi/lib/thumb/v7e-m+fp/hard\libm.a(lib_a-w_pow.o)
                              ./Components/esp32/tcpClient.o (pow)
[...]
Memory Configuration

Name             Origin             Length             Attributes
RAM              0x0000000020000000 0x0000000000020000 xrw
FLASH            0x0000000008000000 0x0000000000080000 xr
*default*        0x0000000000000000 0xffffffffffffffff

Linker script and memory map

LOAD d:/cubeide/stm32cubeide_1.7.0/stm32cubeide/plugins/com.st.stm32cube.ide.mcu.externaltools.gnu-tools-for-stm32.9-2020-q2-update.win32_2.0.0.202105311346/tools/bin/../lib/gcc/arm-none-eabi/9.3.1/thumb/v7e-m+fp/hard/crti.o
LOAD d:/cubeide/stm32cubeide_1.7.0/stm32cubeide/plugins/com.st.stm32cube.ide.mcu.externaltools.gnu-tools-for-stm32.9-2020-q2-update.win32_2.0.0.202105311346/tools/bin/../lib/gcc/arm-none-eabi/9.3.1/thumb/v7e-m+fp/hard/crtbegin.o
LOAD d:/cubeide/stm32cubeide_1.7.0/stm32cubeide/plugins/com.st.stm32cube.ide.mcu.externaltools.gnu-tools-for-stm32.9-2020-q2-update.win32_2.0.0.202105311346/tools/bin/../lib/gcc/arm-none-eabi/9.3.1/../../../../arm-none-eabi/lib/thumb/v7e-m+fp/hard/crt0.o
LOAD ./Components/console/controller.o
LOAD ./Components/console/driver.o
LOAD ./Components/console/hal.o
LOAD ./Components/console/plot.o
LOAD ./Components/controller/controller.o
LOAD ./Components/controller/main.o
LOAD ./Components/core/engine.o
LOAD ./Components/core/system.o
LOAD ./Components/core/task.o
LOAD ./Components/esp32/driver-sm.o
LOAD ./Components/esp32/driver.o
LOAD ./Components/esp32/esp-event.o
LOAD ./Components/esp32/hal.o
LOAD ./Components/esp32/tcpClient-sm.o
LOAD ./Components/esp32/tcpClient.o
LOAD ./Components/oscilloscope/dual.o
LOAD ./Components/oscilloscope/quad.o
LOAD ./Components/oscilloscope/single.o
LOAD ./Components/oscilloscope/triple.o
LOAD ./Core/Src/gpio.o
LOAD ./Core/Src/main.o
LOAD ./Core/Src/stm32f4xx_hal_msp.o
LOAD ./Core/Src/syscalls.o
LOAD ./Core/Src/sysmem.o
LOAD ./Core/Src/system_stm32f4xx.o
LOAD ./Core/Src/usart.o
LOAD ./Core/Startup/startup_stm32f411retx.o
LOAD ./Drivers/STM32F4xx_HAL_Driver/Src/stm32f4xx_hal.o
LOAD ./Drivers/STM32F4xx_HAL_Driver/Src/stm32f4xx_hal_cortex.o
LOAD ./Drivers/STM32F4xx_HAL_Driver/Src/stm32f4xx_hal_dma.o
LOAD ./Drivers/STM32F4xx_HAL_Driver/Src/stm32f4xx_hal_dma_ex.o
LOAD ./Drivers/STM32F4xx_HAL_Driver/Src/stm32f4xx_hal_exti.o
LOAD ./Drivers/STM32F4xx_HAL_Driver/Src/stm32f4xx_hal_flash.o
LOAD ./Drivers/STM32F4xx_HAL_Driver/Src/stm32f4xx_hal_flash_ex.o
LOAD ./Drivers/STM32F4xx_HAL_Driver/Src/stm32f4xx_hal_flash_ramfunc.o
LOAD ./Drivers/STM32F4xx_HAL_Driver/Src/stm32f4xx_hal_gpio.o
LOAD ./Drivers/STM32F4xx_HAL_Driver/Src/stm32f4xx_hal_pwr.o
LOAD ./Drivers/STM32F4xx_HAL_Driver/Src/stm32f4xx_hal_pwr_ex.o
LOAD ./Drivers/STM32F4xx_HAL_Driver/Src/stm32f4xx_hal_rcc.o
LOAD ./Drivers/STM32F4xx_HAL_Driver/Src/stm32f4xx_hal_rcc_ex.o
LOAD ./Drivers/STM32F4xx_HAL_Driver/Src/stm32f4xx_hal_tim.o
LOAD ./Drivers/STM32F4xx_HAL_Driver/Src/stm32f4xx_hal_tim_ex.o
LOAD ./Drivers/STM32F4xx_HAL_Driver/Src/stm32f4xx_ll_dma.o
LOAD ./Drivers/STM32F4xx_HAL_Driver/Src/stm32f4xx_ll_exti.o
LOAD ./Drivers/STM32F4xx_HAL_Driver/Src/stm32f4xx_ll_gpio.o
LOAD ./Drivers/STM32F4xx_HAL_Driver/Src/stm32f4xx_ll_rcc.o
LOAD ./Drivers/STM32F4xx_HAL_Driver/Src/stm32f4xx_ll_usart.o
LOAD ./Drivers/STM32F4xx_HAL_Driver/Src/stm32f4xx_ll_utils.o
START GROUP
LOAD d:/cubeide/stm32cubeide_1.7.0/stm32cubeide/plugins/com.st.stm32cube.ide.mcu.externaltools.gnu-tools-for-stm32.9-2020-q2-update.win32_2.0.0.202105311346/tools/bin/../lib/gcc/arm-none-eabi/9.3.1/../../../../arm-none-eabi/lib/thumb/v7e-m+fp/hard\libstdc++_nano.a
LOAD d:/cubeide/stm32cubeide_1.7.0/stm32cubeide/plugins/com.st.stm32cube.ide.mcu.externaltools.gnu-tools-for-stm32.9-2020-q2-update.win32_2.0.0.202105311346/tools/bin/../lib/gcc/arm-none-eabi/9.3.1/../../../../arm-none-eabi/lib/thumb/v7e-m+fp/hard\libsupc++_nano.a
END GROUP
LOAD d:/cubeide/stm32cubeide_1.7.0/stm32cubeide/plugins/com.st.stm32cube.ide.mcu.externaltools.gnu-tools-for-stm32.9-2020-q2-update.win32_2.0.0.202105311346/tools/bin/../lib/gcc/arm-none-eabi/9.3.1/../../../../arm-none-eabi/lib/thumb/v7e-m+fp/hard\libstdc++_nano.a
LOAD d:/cubeide/stm32cubeide_1.7.0/stm32cubeide/plugins/com.st.stm32cube.ide.mcu.externaltools.gnu-tools-for-stm32.9-2020-q2-update.win32_2.0.0.202105311346/tools/bin/../lib/gcc/arm-none-eabi/9.3.1/../../../../arm-none-eabi/lib/thumb/v7e-m+fp/hard\libm.a
LOAD d:/cubeide/stm32cubeide_1.7.0/stm32cubeide/plugins/com.st.stm32cube.ide.mcu.externaltools.gnu-tools-for-stm32.9-2020-q2-update.win32_2.0.0.202105311346/tools/bin/../lib/gcc/arm-none-eabi/9.3.1/../../../../arm-none-eabi/lib/thumb/v7e-m+fp/hard\libc_nano.a
START GROUP
LOAD d:/cubeide/stm32cubeide_1.7.0/stm32cubeide/plugins/com.st.stm32cube.ide.mcu.externaltools.gnu-tools-for-stm32.9-2020-q2-update.win32_2.0.0.202105311346/tools/bin/../lib/gcc/arm-none-eabi/9.3.1/thumb/v7e-m+fp/hard\libgcc.a
LOAD d:/cubeide/stm32cubeide_1.7.0/stm32cubeide/plugins/com.st.stm32cube.ide.mcu.externaltools.gnu-tools-for-stm32.9-2020-q2-update.win32_2.0.0.202105311346/tools/bin/../lib/gcc/arm-none-eabi/9.3.1/../../../../arm-none-eabi/lib/thumb/v7e-m+fp/hard\libc_nano.a
END GROUP
START GROUP
LOAD d:/cubeide/stm32cubeide_1.7.0/stm32cubeide/plugins/com.st.stm32cube.ide.mcu.externaltools.gnu-tools-for-stm32.9-2020-q2-update.win32_2.0.0.202105311346/tools/bin/../lib/gcc/arm-none-eabi/9.3.1/thumb/v7e-m+fp/hard\libgcc.a
LOAD d:/cubeide/stm32cubeide_1.7.0/stm32cubeide/plugins/com.st.stm32cube.ide.mcu.externaltools.gnu-tools-for-stm32.9-2020-q2-update.win32_2.0.0.202105311346/tools/bin/../lib/gcc/arm-none-eabi/9.3.1/../../../../arm-none-eabi/lib/thumb/v7e-m+fp/hard\libc_nano.a
END GROUP
LOAD d:/cubeide/stm32cubeide_1.7.0/stm32cubeide/plugins/com.st.stm32cube.ide.mcu.externaltools.gnu-tools-for-stm32.9-2020-q2-update.win32_2.0.0.202105311346/tools/bin/../lib/gcc/arm-none-eabi/9.3.1/thumb/v7e-m+fp/hard/crtend.o
LOAD d:/cubeide/stm32cubeide_1.7.0/stm32cubeide/plugins/com.st.stm32cube.ide.mcu.externaltools.gnu-tools-for-stm32.9-2020-q2-update.win32_2.0.0.202105311346/tools/bin/../lib/gcc/arm-none-eabi/9.3.1/thumb/v7e-m+fp/hard/crtn.o
                0x0000000020020000                _estack = (ORIGIN (RAM) + LENGTH (RAM))
                0x0000000000000200                _Min_Heap_Size = 0x200
                0x0000000000000400                _Min_Stack_Size = 0x400

.isr_vector     0x0000000008000000      0x198
                0x0000000008000000                . = ALIGN (0x4)
 *(.isr_vector)
 .isr_vector    0x0000000008000000      0x198 ./Core/Startup/startup_stm32f411retx.o
                0x0000000008000000                g_pfnVectors
                0x0000000008000198                . = ALIGN (0x4)

.text           0x00000000080001a0     0x5c10
                0x00000000080001a0                . = ALIGN (0x4)
 *(.text)
 .text          0x00000000080001a0       0x40 d:/cubeide/stm32cubeide_1.7.0/stm32cubeide/plugins/com.st.stm32cube.ide.mcu.externaltools.gnu-tools-for-stm32.9-2020-q2-update.win32_2.0.0.202105311346/tools/bin/../lib/gcc/arm-none-eabi/9.3.1/thumb/v7e-m+fp/hard/crtbegin.o
 .text          0x00000000080001e0       0x10 d:/cubeide/stm32cubeide_1.7.0/stm32cubeide/plugins/com.st.stm32cube.ide.mcu.externaltools.gnu-tools-for-stm32.9-2020-q2-update.win32_2.0.0.202105311346/tools/bin/../lib/gcc/arm-none-eabi/9.3.1/../../../../arm-none-eabi/lib/thumb/v7e-m+fp/hard\libc_nano.a(lib_a-strlen.o)
                0x00000000080001e0                strlen
 .text          0x00000000080001f0       0xa0 d:/cubeide/stm32cubeide_1.7.0/stm32cubeide/plugins/com.st.stm32cube.ide.mcu.externaltools.gnu-tools-for-stm32.9-2020-q2-update.win32_2.0.0.202105311346/tools/bin/../lib/gcc/arm-none-eabi/9.3.1/../../../../arm-none-eabi/lib/thumb/v7e-m+fp/hard\libc_nano.a(lib_a-memchr.o)
                0x00000000080001f0                memchr
 .text          0x0000000008000290      0x378 d:/cubeide/stm32cubeide_1.7.0/stm32cubeide/plugins/com.st.stm32cube.ide.mcu.externaltools.gnu-tools-for-stm32.9-2020-q2-update.win32_2.0.0.202105311346/tools/bin/../lib/gcc/arm-none-eabi/9.3.1/thumb/v7e-m+fp/hard\libgcc.a(_arm_addsubdf3.o)
                0x0000000008000290                __aeabi_drsub
                0x0000000008000298                __aeabi_dsub
                0x0000000008000298                __subdf3
                0x000000000800029c                __aeabi_dadd
                0x000000000800029c                __adddf3
                0x0000000008000514                __floatunsidf
                0x0000000008000514                __aeabi_ui2d
                0x0000000008000534                __floatsidf
                0x0000000008000534                __aeabi_i2d
                0x0000000008000558                __aeabi_f2d
                0x0000000008000558                __extendsfdf2
                0x000000000800059c                __floatundidf
                0x000000000800059c                __aeabi_ul2d
                0x00000000080005ac                __floatdidf
                0x00000000080005ac                __aeabi_l2d
 .text          0x0000000008000608      0x424 d:/cubeide/stm32cubeide_1.7.0/stm32cubeide/plugins/com.st.stm32cube.ide.mcu.externaltools.gnu-tools-for-stm32.9-2020-q2-update.win32_2.0.0.202105311346/tools/bin/../lib/gcc/arm-none-eabi/9.3.1/thumb/v7e-m+fp/hard\libgcc.a(_arm_muldivdf3.o)
                0x0000000008000608                __aeabi_dmul
                0x0000000008000608                __muldf3
                0x000000000800085c                __divdf3
                0x000000000800085c                __aeabi_ddiv
 .text          0x0000000008000a2c      0x110 d:/cubeide/stm32cubeide_1.7.0/stm32cubeide/plugins/com.st.stm32cube.ide.mcu.externaltools.gnu-tools-for-stm32.9-2020-q2-update.win32_2.0.0.202105311346/tools/bin/../lib/gcc/arm-none-eabi/9.3.1/thumb/v7e-m+fp/hard\libgcc.a(_arm_cmpdf2.o)
                0x0000000008000a2c                __gtdf2
                0x0000000008000a2c                __gedf2
                0x0000000008000a34                __ltdf2
                0x0000000008000a34                __ledf2
                0x0000000008000a3c                __nedf2
                0x0000000008000a3c                __eqdf2
                0x0000000008000a3c                __cmpdf2
                0x0000000008000ab8                __aeabi_cdrcmple
                0x0000000008000ac8                __aeabi_cdcmpeq
                0x0000000008000ac8                __aeabi_cdcmple
                0x0000000008000ad8                __aeabi_dcmpeq
                0x0000000008000aec                __aeabi_dcmplt
                0x0000000008000b00                __aeabi_dcmple
                0x0000000008000b14                __aeabi_dcmpge
                0x0000000008000b28                __aeabi_dcmpgt
 .text          0x0000000008000b3c       0x2c d:/cubeide/stm32cubeide_1.7.0/stm32cubeide/plugins/com.st.stm32cube.ide.mcu.externaltools.gnu-tools-for-stm32.9-2020-q2-update.win32_2.0.0.202105311346/tools/bin/../lib/gcc/arm-none-eabi/9.3.1/thumb/v7e-m+fp/hard\libgcc.a(_arm_unorddf2.o)
                0x0000000008000b3c                __unorddf2
                0x0000000008000b3c                __aeabi_dcmpun
 .text          0x0000000008000b68       0x40 d:/cubeide/stm32cubeide_1.7.0/stm32cubeide/plugins/com.st.stm32cube.ide.mcu.externaltools.gnu-tools-for-stm32.9-2020-q2-update.win32_2.0.0.202105311346/tools/bin/../lib/gcc/arm-none-eabi/9.3.1/thumb/v7e-m+fp/hard\libgcc.a(_arm_fixunsdfsi.o)
                0x0000000008000b68                __aeabi_d2uiz
                0x0000000008000b68                __fixunsdfsi
 .text          0x0000000008000ba8       0x30 d:/cubeide/stm32cubeide_1.7.0/stm32cubeide/plugins/com.st.stm32cube.ide.mcu.externaltools.gnu-tools-for-stm32.9-2020-q2-update.win32_2.0.0.202105311346/tools/bin/../lib/gcc/arm-none-eabi/9.3.1/thumb/v7e-m+fp/hard\libgcc.a(_aeabi_uldivmod.o)
                0x0000000008000ba8                __aeabi_uldivmod
 .text          0x0000000008000bd8      0x2c4 d:/cubeide/stm32cubeide_1.7.0/stm32cubeide/plugins/com.st.stm32cube.ide.mcu.externaltools.gnu-tools-for-stm32.9-2020-q2-update.win32_2.0.0.202105311346/tools/bin/../lib/gcc/arm-none-eabi/9.3.1/thumb/v7e-m+fp/hard\libgcc.a(_udivmoddi4.o)
                0x0000000008000bd8                __udivmoddi4
 .text          0x0000000008000e9c        0x4 d:/cubeide/stm32cubeide_1.7.0/stm32cubeide/plugins/com.st.stm32cube.ide.mcu.externaltools.gnu-tools-for-stm32.9-2020-q2-update.win32_2.0.0.202105311346/tools/bin/../lib/gcc/arm-none-eabi/9.3.1/thumb/v7e-m+fp/hard\libgcc.a(_dvmd_tls.o)
                0x0000000008000e9c                __aeabi_idiv0
                0x0000000008000e9c                __aeabi_ldiv0
 *(.text*)
 .text._ZN4core9Component4initEv
                0x0000000008000ea0        0x2 ./Components/console/controller.o
                0x0000000008000ea0                core::Component::init()
 .text._ZN7console10ControllerD2Ev
                0x0000000008000ea2        0x2 ./Components/console/controller.o
                0x0000000008000ea2                console::Controller::~Controller()
                0x0000000008000ea2                console::Controller::~Controller()
 .text._ZN4core10EmptyEvent7executeEPNS_18AbstractEventQueueE
                0x0000000008000ea4       0x20 ./Components/console/controller.o
                0x0000000008000ea4                core::EmptyEvent::execute(core::AbstractEventQueue*)
 .text._ZN4core7Machine9NullStateEv
                0x0000000008000ec4        0x2 ./Components/console/controller.o
                0x0000000008000ec4                core::Machine::NullState()
 .text._ZN4core7Machine6check_EhMS0_FvvE
                0x0000000008000ec6        0xe ./Components/console/controller.o
                0x0000000008000ec6                core::Machine::check_(unsigned char, void (core::Machine::*)())
 .text.__tcf_3  0x0000000008000ed4        0x2 ./Components/console/controller.o
 .text._ZN4core11ByteMachineIhED2Ev
                0x0000000008000ed6        0x2 ./Components/console/controller.o
                0x0000000008000ed6                core::ByteMachine<unsigned char>::~ByteMachine()
                0x0000000008000ed6                core::ByteMachine<unsigned char>::~ByteMachine()
 .text._ZN4core11ByteMachineIhE8execute_ERKh
                0x0000000008000ed8       0x3a ./Components/console/controller.o
                0x0000000008000ed8                core::ByteMachine<unsigned char>::execute_(unsigned char const&)
 .text._ZN4core10FixedEventIhED2Ev
                0x0000000008000f12        0x2 ./Components/console/controller.o
                0x0000000008000f12                core::FixedEvent<unsigned char>::~FixedEvent()
                0x0000000008000f12                core::FixedEvent<unsigned char>::~FixedEvent()
 .text._ZN4core10EmptyEventD2Ev
                0x0000000008000f14        0x2 ./Components/console/controller.o
                0x0000000008000f14                core::EmptyEvent::~EmptyEvent()
                0x0000000008000f14                core::EmptyEvent::~EmptyEvent()
 .text._ZN4core11ByteMachineIhE6start_EMNS_7MachineEFvvE
                0x0000000008000f16       0x18 ./Components/console/controller.o
                0x0000000008000f16                core::ByteMachine<unsigned char>::start_(void (core::Machine::*)())
 .text._ZN4core10FixedEventIhE7executeEPNS_18AbstractEventQueueE
                0x0000000008000f2e       0x34 ./Components/console/controller.o
                0x0000000008000f2e                core::FixedEvent<unsigned char>::execute(core::AbstractEventQueue*)
 .text._ZN7console10ControllerD0Ev
                0x0000000008000f62        0xe ./Components/console/controller.o
                0x0000000008000f62                console::Controller::~Controller()
 .text._ZN4core10EmptyEventD0Ev
                0x0000000008000f70        0xe ./Components/console/controller.o
                0x0000000008000f70                core::EmptyEvent::~EmptyEvent()
 .text._ZN4core11ByteMachineIhED0Ev
                0x0000000008000f7e        0xe ./Components/console/controller.o
                0x0000000008000f7e                core::ByteMachine<unsigned char>::~ByteMachine()
 .text._ZN4core10FixedEventIhED0Ev
                0x0000000008000f8c        0xe ./Components/console/controller.o
                0x0000000008000f8c                core::FixedEvent<unsigned char>::~FixedEvent()
 *fill*         0x0000000008000f9a        0x2 
 .text._ZN7console6Driver8instanceEv
                0x0000000008000f9c       0xb4 ./Components/console/controller.o
                0x0000000008000f9c                console::Driver::instance()
 .text._ZN7console10Controller4initEv
                0x0000000008001050       0x20 ./Components/console/controller.o
                0x0000000008001050                console::Controller::init()
 .text._ZN7console10Controller5printEPKc
                0x0000000008001070       0x22 ./Components/console/controller.o
                0x0000000008001070                console::Controller::print(char const*)
 .text._ZN7console10Controller6printfEPKcz
                0x0000000008001092       0x30 ./Components/console/controller.o
                0x0000000008001092                console::Controller::printf(char const*, ...)
 .text._ZN7console10Controller15registerCommandEtPFvthPhE
                0x00000000080010c2       0x1a ./Components/console/controller.o
                0x00000000080010c2                console::Controller::registerCommand(unsigned short, void (*)(unsigned short, unsigned char, unsigned char*))
 .text._ZN7console10Controller14processCommandEthPh
                0x00000000080010dc       0x22 ./Components/console/controller.o
                0x00000000080010dc                console::Controller::processCommand(unsigned short, unsigned char, unsigned char*)
 .text._ZN7console10Controller15updateTextFieldEthPh
                0x00000000080010fe       0x56 ./Components/console/controller.o
                0x00000000080010fe                console::Controller::updateTextField(unsigned short, unsigned char, unsigned char*)
 .text.__tcf_0  0x0000000008001154        0x2 ./Components/console/driver.o
 .text._ZN7console6DriverD2Ev
                0x0000000008001156        0x2 ./Components/console/driver.o
                0x0000000008001156                console::Driver::~Driver()
                0x0000000008001156                console::Driver::~Driver()
 .text._ZN7console6Driver13ReceiveHeaderEv
                0x0000000008001158       0x14 ./Components/console/driver.o
                0x0000000008001158                console::Driver::ReceiveHeader()
 .text._ZN7console6Driver13ReceiveLengthEv
                0x000000000800116c       0x34 ./Components/console/driver.o
                0x000000000800116c                console::Driver::ReceiveLength()
 .text._ZN7console6Driver11ReceiveDataEv
                0x00000000080011a0       0x34 ./Components/console/driver.o
                0x00000000080011a0                console::Driver::ReceiveData()
 .text._ZN7console6Driver15ReceiveChecksumEv
                0x00000000080011d4       0x20 ./Components/console/driver.o
                0x00000000080011d4                console::Driver::ReceiveChecksum()
 .text._ZN7console6Driver4initEv
                0x00000000080011f4       0x28 ./Components/console/driver.o
                0x00000000080011f4                console::Driver::init()
 .text._ZN7console6DriverD0Ev
                0x000000000800121c       0x10 ./Components/console/driver.o
                0x000000000800121c                console::Driver::~Driver()
 .text._ZN7console6Driver11ReceiveTypeEv
                0x000000000800122c       0x44 ./Components/console/driver.o
                0x000000000800122c                console::Driver::ReceiveType()
 .text._ZN7console6Driver13ReceiveFooterEv
                0x0000000008001270       0x88 ./Components/console/driver.o
                0x0000000008001270                console::Driver::ReceiveFooter()
 .text._ZN4core10EmptyEvent4postEv.isra.0
                0x00000000080012f8       0x88 ./Components/console/driver.o
 .text.__tcf_1  0x0000000008001380        0x2 ./Components/console/driver.o
 .text._ZN4core5Queue4pushEh
                0x0000000008001382       0x1a ./Components/console/driver.o
                0x0000000008001382                core::Queue::push(unsigned char)
 .text._ZN7console6Driver10sendPacketEthPKh
                0x000000000800139c       0xaa ./Components/console/driver.o
                0x000000000800139c                console::Driver::sendPacket(unsigned short, unsigned char, unsigned char const*)
 .text._ZN7console6Driver12sendHandler_Ev
                0x0000000008001446       0x56 ./Components/console/driver.o
                0x0000000008001446                console::Driver::sendHandler_()
 .text.__tcf_0  0x000000000800149c        0x2 ./Components/console/hal.o
 *fill*         0x000000000800149e        0x2 
 .text._ZN7console3HAL4initEv
                0x00000000080014a0       0x54 ./Components/console/hal.o
                0x00000000080014a0                console::HAL::init()
 .text._ZN7console3HAL7txReadyEv
                0x00000000080014f4       0x10 ./Components/console/hal.o
                0x00000000080014f4                console::HAL::txReady()
 .text._ZN7console3HAL5writeEh
                0x0000000008001504        0xc ./Components/console/hal.o
                0x0000000008001504                console::HAL::write(unsigned char)
 .text.USART1_IRQHandler
                0x0000000008001510       0xa4 ./Components/console/hal.o
                0x0000000008001510                USART1_IRQHandler
 .text.__tcf_3  0x00000000080015b4        0x2 ./Components/console/plot.o
 *fill*         0x00000000080015b6        0x2 
 .text._ZN7console10Controller12plotHandler_Ev
                0x00000000080015b8      0x188 ./Components/console/plot.o
                0x00000000080015b8                console::Controller::plotHandler_()
 .text.__tcf_0  0x0000000008001740        0x2 ./Components/controller/controller.o
 .text._ZN4core13SimpleMachine7executeERh
                0x0000000008001742       0x86 ./Components/controller/controller.o
                0x0000000008001742                core::SimpleMachine::execute(unsigned char&)
 .text._ZN4core13SimpleMachine6check_EhMNS_7MachineEFvvE
                0x00000000080017c8       0x1c ./Components/controller/controller.o
                0x00000000080017c8                core::SimpleMachine::check_(unsigned char, void (core::Machine::*)())
 .text._ZN4core13SimpleMachine6start_EMNS_7MachineEFvvE
                0x00000000080017e4       0x34 ./Components/controller/controller.o
                0x00000000080017e4                core::SimpleMachine::start_(void (core::Machine::*)())
 .text._ZN4core13SimpleMachineD2Ev
                0x0000000008001818        0x2 ./Components/controller/controller.o
                0x0000000008001818                core::SimpleMachine::~SimpleMachine()
                0x0000000008001818                core::SimpleMachine::~SimpleMachine()
 .text._ZN6device10ControllerD2Ev
                0x000000000800181a        0x2 ./Components/controller/controller.o
                0x000000000800181a                device::Controller::~Controller()
                0x000000000800181a                device::Controller::~Controller()
 .text._ZN4core6Strand9pushFixedEhPhh
                0x000000000800181c        0x4 ./Components/controller/controller.o
                0x000000000800181c                core::Strand::pushFixed(unsigned char, unsigned char*, unsigned char)
                0x000000000800181e                non-virtual thunk to core::Strand::pushFixed(unsigned char, unsigned char*, unsigned char)
 .text._ZN4core6Strand10pushBufferEhPhh
                0x0000000008001820        0x4 ./Components/controller/controller.o
                0x0000000008001820                core::Strand::pushBuffer(unsigned char, unsigned char*, unsigned char)
                0x0000000008001822                non-virtual thunk to core::Strand::pushBuffer(unsigned char, unsigned char*, unsigned char)
 .text._ZN4core6Strand9popBufferEPhRh
                0x0000000008001824        0x4 ./Components/controller/controller.o
                0x0000000008001824                core::Strand::popBuffer(unsigned char*, unsigned char&)
                0x0000000008001826                non-virtual thunk to core::Strand::popBuffer(unsigned char*, unsigned char&)
 .text._ZN4core10FixedEventIN5esp329TcpClient11data2ServerEED2Ev
                0x0000000008001828        0x2 ./Components/controller/controller.o
                0x0000000008001828                core::FixedEvent<esp32::TcpClient::data2Server>::~FixedEvent()
                0x0000000008001828                core::FixedEvent<esp32::TcpClient::data2Server>::~FixedEvent()
 .text._ZN4core10FixedEventIN5esp326Driver13messageServerEED2Ev
                0x000000000800182a        0x2 ./Components/controller/controller.o
                0x000000000800182a                core::FixedEvent<esp32::Driver::messageServer>::~FixedEvent()
                0x000000000800182a                core::FixedEvent<esp32::Driver::messageServer>::~FixedEvent()
 .text._ZN4core6StrandD2Ev
                0x000000000800182c        0x2 ./Components/controller/controller.o
                0x000000000800182c                core::Strand::~Strand()
                0x000000000800182c                core::Strand::~Strand()
 .text._ZN4core10FixedEventIN5esp329TcpClient11data2ServerEE7executeEPNS_18AbstractEventQueueE
                0x000000000800182e       0x30 ./Components/controller/controller.o
                0x000000000800182e                core::FixedEvent<esp32::TcpClient::data2Server>::execute(core::AbstractEventQueue*)
 .text._ZN4core10FixedEventIN5esp326Driver13messageServerEE7executeEPNS_18AbstractEventQueueE
                0x000000000800185e       0x38 ./Components/controller/controller.o
                0x000000000800185e                core::FixedEvent<esp32::Driver::messageServer>::execute(core::AbstractEventQueue*)
 .text._ZN4core10FixedEventIN5esp329TcpClient11data2ServerEED0Ev
                0x0000000008001896        0xe ./Components/controller/controller.o
                0x0000000008001896                core::FixedEvent<esp32::TcpClient::data2Server>::~FixedEvent()
 .text._ZN4core10FixedEventIN5esp326Driver13messageServerEED0Ev
                0x00000000080018a4        0xe ./Components/controller/controller.o
                0x00000000080018a4                core::FixedEvent<esp32::Driver::messageServer>::~FixedEvent()
 .text._ZN4core6StrandD0Ev
                0x00000000080018b2        0xe ./Components/controller/controller.o
                0x00000000080018b2                core::Strand::~Strand()
 .text._ZN4core13SimpleMachineD0Ev
                0x00000000080018c0        0xe ./Components/controller/controller.o
                0x00000000080018c0                core::SimpleMachine::~SimpleMachine()
 .text._ZN6device10ControllerD0Ev
                0x00000000080018ce        0xe ./Components/controller/controller.o
                0x00000000080018ce                device::Controller::~Controller()
 .text.__tcf_5  0x00000000080018dc        0x2 ./Components/controller/controller.o
 .text.__tcf_2  0x00000000080018de        0x2 ./Components/controller/controller.o
 .text._ZN4core5Queue3popEv
                0x00000000080018e0       0x20 ./Components/controller/controller.o
                0x00000000080018e0                core::Queue::pop()
 .text._ZN4core6Strand8popFixedEPhh
                0x0000000008001900       0x22 ./Components/controller/controller.o
                0x0000000008001900                core::Strand::popFixed(unsigned char*, unsigned char)
                0x000000000800191c                non-virtual thunk to core::Strand::popFixed(unsigned char*, unsigned char)
 .text._ZN4core6Strand8execute_Ev
                0x0000000008001922       0x8c ./Components/controller/controller.o
                0x0000000008001922                core::Strand::execute_()
 *fill*         0x00000000080019ae        0x2 
 .text._ZN4core6Engine8instanceEv
                0x00000000080019b0       0x38 ./Components/controller/controller.o
                0x00000000080019b0                core::Engine::instance()
 .text._ZN4core6Strand8timeout_Ev
                0x00000000080019e8       0x6a ./Components/controller/controller.o
                0x00000000080019e8                core::Strand::timeout_()
 .text._ZN5esp329TcpClient15timeoutHandler_Ev
                0x0000000008001a52       0x22 ./Components/controller/controller.o
                0x0000000008001a52                esp32::TcpClient::timeoutHandler_()
 .text._ZN7console10Controller8instanceEv
                0x0000000008001a74       0x64 ./Components/controller/controller.o
                0x0000000008001a74                console::Controller::instance()
 .text._ZN5esp329TcpClientC2Ev
                0x0000000008001ad8      0x238 ./Components/controller/controller.o
                0x0000000008001ad8                esp32::TcpClient::TcpClient()
                0x0000000008001ad8                esp32::TcpClient::TcpClient()
 .text._ZN5esp329TcpClient8instanceEv
                0x0000000008001d10       0x38 ./Components/controller/controller.o
                0x0000000008001d10                esp32::TcpClient::instance()
 .text._ZN6device10Controller4initEv
                0x0000000008001d48       0x1a ./Components/controller/controller.o
                0x0000000008001d48                device::Controller::init()
 *fill*         0x0000000008001d62        0x2 
 .text._ZN6device10Controller26data2ServerCommandHandler_EhPh
                0x0000000008001d64       0x24 ./Components/controller/controller.o
                0x0000000008001d64                device::Controller::data2ServerCommandHandler_(unsigned char, unsigned char*)
 .text.__tcf_3  0x0000000008001d88        0x2 ./Components/controller/main.o
 .text._ZN6device10Controller15timeoutHandler_Ev
                0x0000000008001d8a       0x22 ./Components/controller/main.o
                0x0000000008001d8a                device::Controller::timeoutHandler_()
 .text._ZN6device10Controller8instanceEv
                0x0000000008001dac       0xa0 ./Components/controller/main.o
                0x0000000008001dac                device::Controller::instance()
 .text._ZN6device10Controller18data2ServerCommandEthPh
                0x0000000008001e4c       0x26 ./Components/controller/main.o
                0x0000000008001e4c                device::Controller::data2ServerCommand(unsigned short, unsigned char, unsigned char*)
 .text.startup.main
                0x0000000008001e72       0x18 ./Components/controller/main.o
                0x0000000008001e72                main
 .text._ZN4core10EventQueueD2Ev
                0x0000000008001e8a        0x2 ./Components/core/engine.o
                0x0000000008001e8a                core::EventQueue::~EventQueue()
                0x0000000008001e8a                core::EventQueue::~EventQueue()
 .text._ZN4core6EngineD2Ev
                0x0000000008001e8c        0x2 ./Components/core/engine.o
                0x0000000008001e8c                core::Engine::~Engine()
                0x0000000008001e8c                core::Engine::~Engine()
 .text.__tcf_0  0x0000000008001e8e        0x2 ./Components/core/engine.o
 .text._ZN4core10EventQueueD0Ev
                0x0000000008001e90       0x10 ./Components/core/engine.o
                0x0000000008001e90                core::EventQueue::~EventQueue()
 .text._ZN4core6EngineD0Ev
                0x0000000008001ea0       0x10 ./Components/core/engine.o
                0x0000000008001ea0                core::Engine::~Engine()
 .text._ZN4core6Engine7executeEPNS_18AbstractEventQueueE
                0x0000000008001eb0       0x4a ./Components/core/engine.o
                0x0000000008001eb0                core::Engine::execute(core::AbstractEventQueue*)
 .text._ZN4core10EventQueue5push_Eh
                0x0000000008001efa       0x22 ./Components/core/engine.o
                0x0000000008001efa                core::EventQueue::push_(unsigned char)
 .text._ZN4core10EventQueue10pushBufferEhPhh
                0x0000000008001f1c       0x58 ./Components/core/engine.o
                0x0000000008001f1c                core::EventQueue::pushBuffer(unsigned char, unsigned char*, unsigned char)
 .text._ZN4core10EventQueue9pushFixedEhPhh
                0x0000000008001f74       0x4e ./Components/core/engine.o
                0x0000000008001f74                core::EventQueue::pushFixed(unsigned char, unsigned char*, unsigned char)
 .text._ZN4core10EventQueue4pop_Ev
                0x0000000008001fc2       0x22 ./Components/core/engine.o
                0x0000000008001fc2                core::EventQueue::pop_()
 .text._ZN4core10EventQueue9popBufferEPhRh
                0x0000000008001fe4       0x24 ./Components/core/engine.o
                0x0000000008001fe4                core::EventQueue::popBuffer(unsigned char*, unsigned char&)
 .text._ZN4core10EventQueue8popFixedEPhh
                0x0000000008002008       0x1c ./Components/core/engine.o
                0x0000000008002008                core::EventQueue::popFixed(unsigned char*, unsigned char)
 .text._ZN4core6EngineC2Ev
                0x0000000008002024       0x70 ./Components/core/engine.o
                0x0000000008002024                core::Engine::Engine()
                0x0000000008002024                core::Engine::Engine()
 .text._ZN4core5EventC2Ev
                0x0000000008002094       0x58 ./Components/core/engine.o
                0x0000000008002094                core::Event::Event()
                0x0000000008002094                core::Event::Event()
 .text._ZN4core6Engine3runEv
                0x00000000080020ec       0x38 ./Components/core/engine.o
                0x00000000080020ec                core::Engine::run()
 .text._ZN4core6Engine13registerTask_EPNS_4TaskE
                0x0000000008002124        0xc ./Components/core/engine.o
                0x0000000008002124                core::Engine::registerTask_(core::Task*)
 .text._ZN4core6Engine10startTask_EPNS_4TaskE
                0x0000000008002130       0x44 ./Components/core/engine.o
                0x0000000008002130                core::Engine::startTask_(core::Task*)
 .text._ZN4core6Engine9stopTask_EPNS_4TaskE
                0x0000000008002174       0x2c ./Components/core/engine.o
                0x0000000008002174                core::Engine::stopTask_(core::Task*)
 .text.__tcf_0  0x00000000080021a0        0x2 ./Components/core/system.o
 *fill*         0x00000000080021a2        0x2 
 .text.SysTick_Handler
                0x00000000080021a4       0xac ./Components/core/system.o
                0x00000000080021a4                SysTick_Handler
 .text._Z10systemInitv
                0x0000000008002250       0x1c ./Components/core/system.o
                0x0000000008002250                systemInit()
 .text._ZN4core4TaskC2EPNS_9ComponentEMS1_FvvE
                0x000000000800226c       0x2a ./Components/core/task.o
                0x000000000800226c                core::Task::Task(core::Component*, void (core::Component::*)())
                0x000000000800226c                core::Task::Task(core::Component*, void (core::Component::*)())
 .text._ZN4core4Task5startEml
                0x0000000008002296       0x2c ./Components/core/task.o
                0x0000000008002296                core::Task::start(unsigned long, long)
 .text._ZN4core4Task4stopEv
                0x00000000080022c2       0x16 ./Components/core/task.o
                0x00000000080022c2                core::Task::stop()
 .text._ZN4core4Task4run_Ev
                0x00000000080022d8       0x50 ./Components/core/task.o
                0x00000000080022d8                core::Task::run_()
 .text._ZN5esp326Driver7StartupEv
                0x0000000008002328       0x64 ./Components/esp32/driver-sm.o
                0x0000000008002328                esp32::Driver::Startup()
 .text._ZN5esp326Driver7SendingEv
                0x000000000800238c       0x6c ./Components/esp32/driver-sm.o
                0x000000000800238c                esp32::Driver::Sending()
 .text._ZN4core10EventQueue4postEh
                0x00000000080023f8       0x4e ./Components/esp32/driver-sm.o
                0x00000000080023f8                core::EventQueue::post(unsigned char)
 *fill*         0x0000000008002446        0x2 
 .text._ZN5esp326Driver9RebootingEv
                0x0000000008002448       0x84 ./Components/esp32/driver-sm.o
                0x0000000008002448                esp32::Driver::Rebooting()
 .text._ZN4core10FixedEventIhE4postERKh.isra.0.constprop.0
                0x00000000080024cc       0x20 ./Components/esp32/driver-sm.o
 .text._ZN5esp326Driver5ReadyEv
                0x00000000080024ec       0xa4 ./Components/esp32/driver-sm.o
                0x00000000080024ec                esp32::Driver::Ready()
 .text._ZN5esp326Driver13ReceivingDataEv
                0x0000000008002590       0xa0 ./Components/esp32/driver-sm.o
                0x0000000008002590                esp32::Driver::ReceivingData()
 .text._ZN5esp326DriverD2Ev
                0x0000000008002630        0x2 ./Components/esp32/driver.o
                0x0000000008002630                esp32::Driver::~Driver()
                0x0000000008002630                esp32::Driver::~Driver()
 *fill*         0x0000000008002632        0x2 
 .text._ZN5esp326Driver4initEv
                0x0000000008002634       0x28 ./Components/esp32/driver.o
                0x0000000008002634                esp32::Driver::init()
 .text._ZN5esp326DriverD0Ev
                0x000000000800265c       0x10 ./Components/esp32/driver.o
                0x000000000800265c                esp32::Driver::~Driver()
 .text._ZN4core10FixedEventIhE4postERKh.isra.0
                0x000000000800266c       0x20 ./Components/esp32/driver.o
 .text._ZN5esp326Driver17receiveMsgServer_Eh
                0x000000000800268c       0x74 ./Components/esp32/driver.o
                0x000000000800268c                esp32::Driver::receiveMsgServer_(unsigned char)
 .text._ZN5esp326Driver18receiveMsgRespond_Eh
                0x0000000008002700       0xb4 ./Components/esp32/driver.o
                0x0000000008002700                esp32::Driver::receiveMsgRespond_(unsigned char)
 .text._ZN5esp326Driver12pushCommand_EhtPh
                0x00000000080027b4       0x88 ./Components/esp32/driver.o
                0x00000000080027b4                esp32::Driver::pushCommand_(unsigned char, unsigned short, unsigned char*)
 .text._ZN5esp326Driver11popCommand_Ev
                0x000000000800283c       0x68 ./Components/esp32/driver.o
                0x000000000800283c                esp32::Driver::popCommand_()
 .text._ZN5esp326Driver12sendHandler_Ev
                0x00000000080028a4       0x54 ./Components/esp32/driver.o
                0x00000000080028a4                esp32::Driver::sendHandler_()
 .text.__tcf_2  0x00000000080028f8        0x2 ./Components/esp32/esp-event.o
 .text._ZN5esp326Driver13timerHandler_Ev
                0x00000000080028fa       0x16 ./Components/esp32/esp-event.o
                0x00000000080028fa                esp32::Driver::timerHandler_()
 .text.__tcf_3  0x0000000008002910        0x2 ./Components/esp32/esp-event.o
 *fill*         0x0000000008002912        0x2 
 .text._ZN5esp326Driver8instanceEv
                0x0000000008002914       0xfc ./Components/esp32/esp-event.o
                0x0000000008002914                esp32::Driver::instance()
 .text._ZN5esp328EspEventC2EPN4core9ComponentEMS2_FvbPhtE
                0x0000000008002a10       0xb0 ./Components/esp32/esp-event.o
                0x0000000008002a10                esp32::EspEvent::EspEvent(core::Component*, void (core::Component::*)(bool, unsigned char*, unsigned short))
                0x0000000008002a10                esp32::EspEvent::EspEvent(core::Component*, void (core::Component::*)(bool, unsigned char*, unsigned short))
 .text._ZN5esp328EspEvent4postEPht
                0x0000000008002ac0       0x1c ./Components/esp32/esp-event.o
                0x0000000008002ac0                esp32::EspEvent::post(unsigned char*, unsigned short)
 .text._ZN5esp328EspEvent7executeEbPht
                0x0000000008002adc       0x1e ./Components/esp32/esp-event.o
                0x0000000008002adc                esp32::EspEvent::execute(bool, unsigned char*, unsigned short)
 *fill*         0x0000000008002afa        0x2 
 .text._ZN5esp323HAL4initEv
                0x0000000008002afc       0x54 ./Components/esp32/hal.o
                0x0000000008002afc                esp32::HAL::init()
 .text._ZN5esp323HAL7txReadyEv
                0x0000000008002b50       0x10 ./Components/esp32/hal.o
                0x0000000008002b50                esp32::HAL::txReady()
 .text._ZN5esp323HAL5writeEh
                0x0000000008002b60        0xc ./Components/esp32/hal.o
                0x0000000008002b60                esp32::HAL::write(unsigned char)
 .text.USART6_IRQHandler
                0x0000000008002b6c       0x6c ./Components/esp32/hal.o
                0x0000000008002b6c                USART6_IRQHandler
 .text._ZN5esp329TcpClient7StartUpEv
                0x0000000008002bd8       0x38 ./Components/esp32/tcpClient-sm.o
                0x0000000008002bd8                esp32::TcpClient::StartUp()
 .text._ZN5esp326Driver6rebootEv
                0x0000000008002c10       0x22 ./Components/esp32/tcpClient-sm.o
                0x0000000008002c10                esp32::Driver::reboot()
 *fill*         0x0000000008002c32        0x2 
 .text._ZN5esp329TcpClient10TurnOffATEEv
                0x0000000008002c34       0xc4 ./Components/esp32/tcpClient-sm.o
                0x0000000008002c34                esp32::TcpClient::TurnOffATE()
 .text._ZN5esp329TcpClient11SetWifiModeEv
                0x0000000008002cf8       0xc4 ./Components/esp32/tcpClient-sm.o
                0x0000000008002cf8                esp32::TcpClient::SetWifiMode()
 .text._ZN5esp329TcpClient14CheckWifiStateEv
                0x0000000008002dbc       0xe0 ./Components/esp32/tcpClient-sm.o
                0x0000000008002dbc                esp32::TcpClient::CheckWifiState()
 .text._ZN5esp329TcpClient11ConnectWifiEv
                0x0000000008002e9c       0xc4 ./Components/esp32/tcpClient-sm.o
                0x0000000008002e9c                esp32::TcpClient::ConnectWifi()
 .text._ZN5esp329TcpClient10ConnectingEv
                0x0000000008002f60       0xc4 ./Components/esp32/tcpClient-sm.o
                0x0000000008002f60                esp32::TcpClient::Connecting()
 .text._ZN5esp329TcpClient11WritingDataEv
                0x0000000008003024       0x9c ./Components/esp32/tcpClient-sm.o
                0x0000000008003024                esp32::TcpClient::WritingData()
 .text._ZN4core6Strand4doneEv
                0x00000000080030c0       0x6a ./Components/esp32/tcpClient-sm.o
                0x00000000080030c0                core::Strand::done()
 *fill*         0x000000000800312a        0x2 
 .text._ZN5esp329TcpClient9ConnectedEv
                0x000000000800312c       0xf8 ./Components/esp32/tcpClient-sm.o
                0x000000000800312c                esp32::TcpClient::Connected()
 .text._ZN5esp329TcpClientD2Ev
                0x0000000008003224        0x2 ./Components/esp32/tcpClient.o
                0x0000000008003224                esp32::TcpClient::~TcpClient()
                0x0000000008003224                esp32::TcpClient::~TcpClient()
 .text._ZN5esp329TcpClientD0Ev
                0x0000000008003226       0x10 ./Components/esp32/tcpClient.o
                0x0000000008003226                esp32::TcpClient::~TcpClient()
 .text.__tcf_5  0x0000000008003236        0x2 ./Components/esp32/tcpClient.o
 .text._ZN4core10FixedEventIhE4postERKh.isra.0
                0x0000000008003238       0x20 ./Components/esp32/tcpClient.o
 .text._ZN5esp329TcpClient4initEv
                0x0000000008003258       0x4c ./Components/esp32/tcpClient.o
                0x0000000008003258                esp32::TcpClient::init()
 .text._ZN5esp329TcpClient11turnOffATE_Ev
                0x00000000080032a4       0x10 ./Components/esp32/tcpClient.o
                0x00000000080032a4                esp32::TcpClient::turnOffATE_()
 .text._ZN5esp329TcpClient12setWifiMode_Ev
                0x00000000080032b4       0x10 ./Components/esp32/tcpClient.o
                0x00000000080032b4                esp32::TcpClient::setWifiMode_()
 .text._ZN5esp329TcpClient15checkWifiState_Ev
                0x00000000080032c4       0x10 ./Components/esp32/tcpClient.o
                0x00000000080032c4                esp32::TcpClient::checkWifiState_()
 .text._ZN5esp329TcpClient14connectRouter_Ev
                0x00000000080032d4       0x10 ./Components/esp32/tcpClient.o
                0x00000000080032d4                esp32::TcpClient::connectRouter_()
 .text._ZN5esp329TcpClient14connectServer_Ev
                0x00000000080032e4       0x10 ./Components/esp32/tcpClient.o
                0x00000000080032e4                esp32::TcpClient::connectServer_()
 .text._ZN5esp329TcpClient12requestSend_Et
                0x00000000080032f4       0x24 ./Components/esp32/tcpClient.o
                0x00000000080032f4                esp32::TcpClient::requestSend_(unsigned short)
 .text._ZN5esp329TcpClient10writeData_EPht
                0x0000000008003318        0xc ./Components/esp32/tcpClient.o
                0x0000000008003318                esp32::TcpClient::writeData_(unsigned char*, unsigned short)
 .text._ZN5esp329TcpClient15sendData2ServerEPht
                0x0000000008003324       0xc6 ./Components/esp32/tcpClient.o
                0x0000000008003324                esp32::TcpClient::sendData2Server(unsigned char*, unsigned short)
 .text._ZN5esp329TcpClient26turnOffATEEspEventHandler_EbPht
                0x00000000080033ea       0x1e ./Components/esp32/tcpClient.o
                0x00000000080033ea                esp32::TcpClient::turnOffATEEspEventHandler_(bool, unsigned char*, unsigned short)
 .text._ZN5esp329TcpClient27setWifiModeEspEventHandler_EbPht
                0x0000000008003408        0x4 ./Components/esp32/tcpClient.o
                0x0000000008003408                esp32::TcpClient::setWifiModeEspEventHandler_(bool, unsigned char*, unsigned short)
 .text._ZN5esp329TcpClient30checkWifiStateEspEventHandler_EbPht
                0x000000000800340c       0x68 ./Components/esp32/tcpClient.o
                0x000000000800340c                esp32::TcpClient::checkWifiStateEspEventHandler_(bool, unsigned char*, unsigned short)
 .text._ZN5esp329TcpClient29connectRouterEspEventHandler_EbPht
                0x0000000008003474       0x30 ./Components/esp32/tcpClient.o
                0x0000000008003474                esp32::TcpClient::connectRouterEspEventHandler_(bool, unsigned char*, unsigned short)
 .text._ZN5esp329TcpClient29queryDeviceIdEspEventHandler_EbPht
                0x00000000080034a4       0x5c ./Components/esp32/tcpClient.o
                0x00000000080034a4                esp32::TcpClient::queryDeviceIdEspEventHandler_(bool, unsigned char*, unsigned short)
 .text._ZN5esp329TcpClient39connectToServerAsClientEspEventHandler_EbPht
                0x0000000008003500        0x4 ./Components/esp32/tcpClient.o
                0x0000000008003500                esp32::TcpClient::connectToServerAsClientEspEventHandler_(bool, unsigned char*, unsigned short)
 .text._ZN5esp329TcpClient39RequestSendDataToServerEspEventHandler_EbPht
                0x0000000008003504        0x4 ./Components/esp32/tcpClient.o
                0x0000000008003504                esp32::TcpClient::RequestSendDataToServerEspEventHandler_(bool, unsigned char*, unsigned short)
 .text._ZN5esp329TcpClient35SendingDataToServerEspEventHandler_EbPht
                0x0000000008003508       0x30 ./Components/esp32/tcpClient.o
                0x0000000008003508                esp32::TcpClient::SendingDataToServerEspEventHandler_(bool, unsigned char*, unsigned short)
 .text._ZN5esp329TcpClient17msgServerHandler_ERKNS_6Driver13messageServerE
                0x0000000008003538      0x184 ./Components/esp32/tcpClient.o
                0x0000000008003538                esp32::TcpClient::msgServerHandler_(esp32::Driver::messageServer const&)
 .text._ZN5esp329TcpClient19send2ServerHandler_ERKNS0_11data2ServerE
                0x00000000080036bc       0x24 ./Components/esp32/tcpClient.o
                0x00000000080036bc                esp32::TcpClient::send2ServerHandler_(esp32::TcpClient::data2Server const&)
 .text._ZN5esp329TcpClient18cmdTimeoutHandler_Ev
                0x00000000080036e0       0x18 ./Components/esp32/tcpClient.o
                0x00000000080036e0                esp32::TcpClient::cmdTimeoutHandler_()
 .text._ZN5esp329TcpClient16rebootedHandler_Ev
                0x00000000080036f8       0x18 ./Components/esp32/tcpClient.o
                0x00000000080036f8                esp32::TcpClient::rebootedHandler_()
 .text.LL_AHB1_GRP1_EnableClock
                0x0000000008003710       0x1c ./Core/Src/gpio.o
 .text.MX_GPIO_Init
                0x000000000800372c       0x18 ./Core/Src/gpio.o
                0x000000000800372c                MX_GPIO_Init
 .text.SystemClock_Config
                0x0000000008003744       0x9c ./Core/Src/main.o
                0x0000000008003744                SystemClock_Config
 .text._getpid  0x00000000080037e0        0x4 ./Core/Src/syscalls.o
                0x00000000080037e0                _getpid
 .text._kill    0x00000000080037e4       0x10 ./Core/Src/syscalls.o
                0x00000000080037e4                _kill
 .text._exit    0x00000000080037f4        0xc ./Core/Src/syscalls.o
                0x00000000080037f4                _exit
 .text._sbrk    0x0000000008003800       0x40 ./Core/Src/sysmem.o
                0x0000000008003800                _sbrk
 .text.SystemInit
                0x0000000008003840       0x14 ./Core/Src/system_stm32f4xx.o
                0x0000000008003840                SystemInit
 .text.NVIC_EncodePriority.constprop.0
                0x0000000008003854        0x4 ./Core/Src/usart.o
 .text.MX_USART1_UART_Init
                0x0000000008003858       0xc0 ./Core/Src/usart.o
                0x0000000008003858                MX_USART1_UART_Init
 .text.MX_USART6_UART_Init
                0x0000000008003918       0xbc ./Core/Src/usart.o
                0x0000000008003918                MX_USART6_UART_Init
 .text.Reset_Handler
                0x00000000080039d4       0x50 ./Core/Startup/startup_stm32f411retx.o
                0x00000000080039d4                Reset_Handler
 .text.Default_Handler
                0x0000000008003a24        0x2 ./Core/Startup/startup_stm32f411retx.o
                0x0000000008003a24                RTC_Alarm_IRQHandler
                0x0000000008003a24                EXTI2_IRQHandler
                0x0000000008003a24                DebugMon_Handler
                0x0000000008003a24                SPI4_IRQHandler
                0x0000000008003a24                TIM1_CC_IRQHandler
                0x0000000008003a24                DMA2_Stream5_IRQHandler
                0x0000000008003a24                HardFault_Handler
                0x0000000008003a24                DMA1_Stream5_IRQHandler
                0x0000000008003a24                PVD_IRQHandler
                0x0000000008003a24                SDIO_IRQHandler
                0x0000000008003a24                TAMP_STAMP_IRQHandler
                0x0000000008003a24                PendSV_Handler
                0x0000000008003a24                NMI_Handler
                0x0000000008003a24                EXTI3_IRQHandler
                0x0000000008003a24                TIM1_UP_TIM10_IRQHandler
                0x0000000008003a24                I2C3_ER_IRQHandler
                0x0000000008003a24                EXTI0_IRQHandler
                0x0000000008003a24                I2C2_EV_IRQHandler
                0x0000000008003a24                DMA1_Stream2_IRQHandler
                0x0000000008003a24                FPU_IRQHandler
                0x0000000008003a24                UsageFault_Handler
                0x0000000008003a24                DMA2_Stream2_IRQHandler
                0x0000000008003a24                SPI1_IRQHandler
                0x0000000008003a24                TIM1_BRK_TIM9_IRQHandler
                0x0000000008003a24                DMA2_Stream3_IRQHandler
                0x0000000008003a24                DMA2_Stream0_IRQHandler
                0x0000000008003a24                TIM4_IRQHandler
                0x0000000008003a24                I2C1_EV_IRQHandler
                0x0000000008003a24                DMA1_Stream6_IRQHandler
                0x0000000008003a24                DMA1_Stream1_IRQHandler
                0x0000000008003a24                TIM3_IRQHandler
                0x0000000008003a24                RCC_IRQHandler
                0x0000000008003a24                Default_Handler
                0x0000000008003a24                EXTI15_10_IRQHandler
                0x0000000008003a24                ADC_IRQHandler
                0x0000000008003a24                DMA1_Stream7_IRQHandler
                0x0000000008003a24                SPI5_IRQHandler
                0x0000000008003a24                TIM5_IRQHandler
                0x0000000008003a24                DMA2_Stream7_IRQHandler
                0x0000000008003a24                I2C3_EV_IRQHandler
                0x0000000008003a24                EXTI9_5_IRQHandler
                0x0000000008003a24                RTC_WKUP_IRQHandler
                0x0000000008003a24                SPI2_IRQHandler
                0x0000000008003a24                MemManage_Handler
                0x0000000008003a24                DMA1_Stream0_IRQHandler
                0x0000000008003a24                SVC_Handler
                0x0000000008003a24                EXTI4_IRQHandler
                0x0000000008003a24                WWDG_IRQHandler
                0x0000000008003a24                TIM2_IRQHandler
                0x0000000008003a24                OTG_FS_WKUP_IRQHandler
                0x0000000008003a24                TIM1_TRG_COM_TIM11_IRQHandler
                0x0000000008003a24                EXTI1_IRQHandler
                0x0000000008003a24                USART2_IRQHandler
                0x0000000008003a24                I2C2_ER_IRQHandler
                0x0000000008003a24                DMA2_Stream1_IRQHandler
                0x0000000008003a24                FLASH_IRQHandler
                0x0000000008003a24                DMA2_Stream4_IRQHandler
                0x0000000008003a24                BusFault_Handler
                0x0000000008003a24                OTG_FS_IRQHandler
                0x0000000008003a24                SPI3_IRQHandler
                0x0000000008003a24                DMA1_Stream4_IRQHandler
                0x0000000008003a24                I2C1_ER_IRQHandler
                0x0000000008003a24                DMA2_Stream6_IRQHandler
                0x0000000008003a24                DMA1_Stream3_IRQHandler
 *fill*         0x0000000008003a26        0x2 
 .text.HAL_InitTick
                0x0000000008003a28       0x48 ./Drivers/STM32F4xx_HAL_Driver/Src/stm32f4xx_hal.o
                0x0000000008003a28                HAL_InitTick
 .text.HAL_GetTick
                0x0000000008003a70        0xc ./Drivers/STM32F4xx_HAL_Driver/Src/stm32f4xx_hal.o
                0x0000000008003a70                HAL_GetTick
 .text.HAL_NVIC_SetPriority
                0x0000000008003a7c       0x64 ./Drivers/STM32F4xx_HAL_Driver/Src/stm32f4xx_hal_cortex.o
                0x0000000008003a7c                HAL_NVIC_SetPriority
 .text.HAL_SYSTICK_Config
                0x0000000008003ae0       0x2c ./Drivers/STM32F4xx_HAL_Driver/Src/stm32f4xx_hal_cortex.o
                0x0000000008003ae0                HAL_SYSTICK_Config
 .text.HAL_RCC_OscConfig
                0x0000000008003b0c      0x358 ./Drivers/STM32F4xx_HAL_Driver/Src/stm32f4xx_hal_rcc.o
                0x0000000008003b0c                HAL_RCC_OscConfig
 .text.HAL_RCC_GetSysClockFreq
                0x0000000008003e64       0x5c ./Drivers/STM32F4xx_HAL_Driver/Src/stm32f4xx_hal_rcc.o
                0x0000000008003e64                HAL_RCC_GetSysClockFreq
 .text.HAL_RCC_ClockConfig
                0x0000000008003ec0      0x138 ./Drivers/STM32F4xx_HAL_Driver/Src/stm32f4xx_hal_rcc.o
                0x0000000008003ec0                HAL_RCC_ClockConfig
 .text.LL_GPIO_Init
                0x0000000008003ff8      0x13c ./Drivers/STM32F4xx_HAL_Driver/Src/stm32f4xx_ll_gpio.o
                0x0000000008003ff8                LL_GPIO_Init
 .text.RCC_GetHCLKClockFreq
                0x0000000008004134       0x18 ./Drivers/STM32F4xx_HAL_Driver/Src/stm32f4xx_ll_rcc.o
                0x0000000008004134                RCC_GetHCLKClockFreq
 .text.RCC_GetPCLK1ClockFreq
                0x000000000800414c       0x18 ./Drivers/STM32F4xx_HAL_Driver/Src/stm32f4xx_ll_rcc.o
                0x000000000800414c                RCC_GetPCLK1ClockFreq
 .text.RCC_GetPCLK2ClockFreq
                0x0000000008004164       0x18 ./Drivers/STM32F4xx_HAL_Driver/Src/stm32f4xx_ll_rcc.o
                0x0000000008004164                RCC_GetPCLK2ClockFreq
 .text.RCC_PLL_GetFreqDomain_SYS
                0x000000000800417c       0x48 ./Drivers/STM32F4xx_HAL_Driver/Src/stm32f4xx_ll_rcc.o
                0x000000000800417c                RCC_PLL_GetFreqDomain_SYS
 .text.RCC_GetSystemClockFreq
                0x00000000080041c4       0x28 ./Drivers/STM32F4xx_HAL_Driver/Src/stm32f4xx_ll_rcc.o
                0x00000000080041c4                RCC_GetSystemClockFreq
 .text.LL_RCC_GetSystemClocksFreq
                0x00000000080041ec       0x20 ./Drivers/STM32F4xx_HAL_Driver/Src/stm32f4xx_ll_rcc.o
                0x00000000080041ec                LL_RCC_GetSystemClocksFreq
 .text.LL_USART_Init
                0x000000000800420c       0xe4 ./Drivers/STM32F4xx_HAL_Driver/Src/stm32f4xx_ll_usart.o
                0x000000000800420c                LL_USART_Init
 .text._ZdlPvj  0x00000000080042f0        0x4 d:/cubeide/stm32cubeide_1.7.0/stm32cubeide/plugins/com.st.stm32cube.ide.mcu.externaltools.gnu-tools-for-stm32.9-2020-q2-update.win32_2.0.0.202105311346/tools/bin/../lib/gcc/arm-none-eabi/9.3.1/../../../../arm-none-eabi/lib/thumb/v7e-m+fp/hard\libstdc++_nano.a(del_ops.o)
                0x00000000080042f0                operator delete(void*, unsigned int)
 .text.__cxa_guard_acquire
                0x00000000080042f4       0x18 d:/cubeide/stm32cubeide_1.7.0/stm32cubeide/plugins/com.st.stm32cube.ide.mcu.externaltools.gnu-tools-for-stm32.9-2020-q2-update.win32_2.0.0.202105311346/tools/bin/../lib/gcc/arm-none-eabi/9.3.1/../../../../arm-none-eabi/lib/thumb/v7e-m+fp/hard\libstdc++_nano.a(guard.o)
                0x00000000080042f4                __cxa_guard_acquire
 .text.__cxa_guard_release
                0x000000000800430c        0x6 d:/cubeide/stm32cubeide_1.7.0/stm32cubeide/plugins/com.st.stm32cube.ide.mcu.externaltools.gnu-tools-for-stm32.9-2020-q2-update.win32_2.0.0.202105311346/tools/bin/../lib/gcc/arm-none-eabi/9.3.1/../../../../arm-none-eabi/lib/thumb/v7e-m+fp/hard\libstdc++_nano.a(guard.o)
                0x000000000800430c                __cxa_guard_release
 .text._Znwj    0x0000000008004312       0x22 d:/cubeide/stm32cubeide_1.7.0/stm32cubeide/plugins/com.st.stm32cube.ide.mcu.externaltools.gnu-tools-for-stm32.9-2020-q2-update.win32_2.0.0.202105311346/tools/bin/../lib/gcc/arm-none-eabi/9.3.1/../../../../arm-none-eabi/lib/thumb/v7e-m+fp/hard\libstdc++_nano.a(new_op.o)
                0x0000000008004312                operator new(unsigned int)
 .text.__cxa_pure_virtual
                0x0000000008004334        0x6 d:/cubeide/stm32cubeide_1.7.0/stm32cubeide/plugins/com.st.stm32cube.ide.mcu.externaltools.gnu-tools-for-stm32.9-2020-q2-update.win32_2.0.0.202105311346/tools/bin/../lib/gcc/arm-none-eabi/9.3.1/../../../../arm-none-eabi/lib/thumb/v7e-m+fp/hard\libstdc++_nano.a(pure.o)
                0x0000000008004334                __cxa_pure_virtual
 .text._ZdlPv   0x000000000800433a        0x4 d:/cubeide/stm32cubeide_1.7.0/stm32cubeide/plugins/com.st.stm32cube.ide.mcu.externaltools.gnu-tools-for-stm32.9-2020-q2-update.win32_2.0.0.202105311346/tools/bin/../lib/gcc/arm-none-eabi/9.3.1/../../../../arm-none-eabi/lib/thumb/v7e-m+fp/hard\libstdc++_nano.a(del_op.o)
                0x000000000800433a                operator delete(void*)
 .text._ZN10__cxxabiv111__terminateEPFvvE
                0x000000000800433e        0x8 d:/cubeide/stm32cubeide_1.7.0/stm32cubeide/plugins/com.st.stm32cube.ide.mcu.externaltools.gnu-tools-for-stm32.9-2020-q2-update.win32_2.0.0.202105311346/tools/bin/../lib/gcc/arm-none-eabi/9.3.1/../../../../arm-none-eabi/lib/thumb/v7e-m+fp/hard\libstdc++_nano.a(eh_terminate.o)
                0x000000000800433e                __cxxabiv1::__terminate(void (*)())
 *fill*         0x0000000008004346        0x2 
 .text._ZSt13get_terminatev
                0x0000000008004348       0x10 d:/cubeide/stm32cubeide_1.7.0/stm32cubeide/plugins/com.st.stm32cube.ide.mcu.externaltools.gnu-tools-for-stm32.9-2020-q2-update.win32_2.0.0.202105311346/tools/bin/../lib/gcc/arm-none-eabi/9.3.1/../../../../arm-none-eabi/lib/thumb/v7e-m+fp/hard\libstdc++_nano.a(eh_terminate.o)
                0x0000000008004348                std::get_terminate()
 .text._ZSt9terminatev
                0x0000000008004358        0xa d:/cubeide/stm32cubeide_1.7.0/stm32cubeide/plugins/com.st.stm32cube.ide.mcu.externaltools.gnu-tools-for-stm32.9-2020-q2-update.win32_2.0.0.202105311346/tools/bin/../lib/gcc/arm-none-eabi/9.3.1/../../../../arm-none-eabi/lib/thumb/v7e-m+fp/hard\libstdc++_nano.a(eh_terminate.o)
                0x0000000008004358                std::terminate()
 *fill*         0x0000000008004362        0x2 
 .text._ZSt15get_new_handlerv
                0x0000000008004364       0x10 d:/cubeide/stm32cubeide_1.7.0/stm32cubeide/plugins/com.st.stm32cube.ide.mcu.externaltools.gnu-tools-for-stm32.9-2020-q2-update.win32_2.0.0.202105311346/tools/bin/../lib/gcc/arm-none-eabi/9.3.1/../../../../arm-none-eabi/lib/thumb/v7e-m+fp/hard\libstdc++_nano.a(new_handler.o)
                0x0000000008004364                std::get_new_handler()
 .text.pow      0x0000000008004374      0x15c d:/cubeide/stm32cubeide_1.7.0/stm32cubeide/plugins/com.st.stm32cube.ide.mcu.externaltools.gnu-tools-for-stm32.9-2020-q2-update.win32_2.0.0.202105311346/tools/bin/../lib/gcc/arm-none-eabi/9.3.1/../../../../arm-none-eabi/lib/thumb/v7e-m+fp/hard\libm.a(lib_a-w_pow.o)
                0x0000000008004374                pow
 .text.__ieee754_pow
                0x00000000080044d0      0xa44 d:/cubeide/stm32cubeide_1.7.0/stm32cubeide/plugins/com.st.stm32cube.ide.mcu.externaltools.gnu-tools-for-stm32.9-2020-q2-update.win32_2.0.0.202105311346/tools/bin/../lib/gcc/arm-none-eabi/9.3.1/../../../../arm-none-eabi/lib/thumb/v7e-m+fp/hard\libm.a(lib_a-e_pow.o)
                0x00000000080044d0                __ieee754_pow
 .text.__ieee754_sqrt
                0x0000000008004f14      0x168 d:/cubeide/stm32cubeide_1.7.0/stm32cubeide/plugins/com.st.stm32cube.ide.mcu.externaltools.gnu-tools-for-stm32.9-2020-q2-update.win32_2.0.0.202105311346/tools/bin/../lib/gcc/arm-none-eabi/9.3.1/../../../../arm-none-eabi/lib/thumb/v7e-m+fp/hard\libm.a(lib_a-e_sqrt.o)
                0x0000000008004f14                __ieee754_sqrt
 .text.fabs     0x000000000800507c       0x12 d:/cubeide/stm32cubeide_1.7.0/stm32cubeide/plugins/com.st.stm32cube.ide.mcu.externaltools.gnu-tools-for-stm32.9-2020-q2-update.win32_2.0.0.202105311346/tools/bin/../lib/gcc/arm-none-eabi/9.3.1/../../../../arm-none-eabi/lib/thumb/v7e-m+fp/hard\libm.a(lib_a-s_fabs.o)
                0x000000000800507c                fabs
 .text.finite   0x000000000800508e       0x16 d:/cubeide/stm32cubeide_1.7.0/stm32cubeide/plugins/com.st.stm32cube.ide.mcu.externaltools.gnu-tools-for-stm32.9-2020-q2-update.win32_2.0.0.202105311346/tools/bin/../lib/gcc/arm-none-eabi/9.3.1/../../../../arm-none-eabi/lib/thumb/v7e-m+fp/hard\libm.a(lib_a-s_finite.o)
                0x000000000800508e                finite
 *fill*         0x00000000080050a4        0x4 
 .text.nan      0x00000000080050a8       0x10 d:/cubeide/stm32cubeide_1.7.0/stm32cubeide/plugins/com.st.stm32cube.ide.mcu.externaltools.gnu-tools-for-stm32.9-2020-q2-update.win32_2.0.0.202105311346/tools/bin/../lib/gcc/arm-none-eabi/9.3.1/../../../../arm-none-eabi/lib/thumb/v7e-m+fp/hard\libm.a(lib_a-s_nan.o)
                0x00000000080050a8                nan
 .text.rint     0x00000000080050b8      0x114 d:/cubeide/stm32cubeide_1.7.0/stm32cubeide/plugins/com.st.stm32cube.ide.mcu.externaltools.gnu-tools-for-stm32.9-2020-q2-update.win32_2.0.0.202105311346/tools/bin/../lib/gcc/arm-none-eabi/9.3.1/../../../../arm-none-eabi/lib/thumb/v7e-m+fp/hard\libm.a(lib_a-s_rint.o)
                0x00000000080050b8                rint
 *fill*         0x00000000080051cc        0x4 
 .text.scalbn   0x00000000080051d0      0x10c d:/cubeide/stm32cubeide_1.7.0/stm32cubeide/plugins/com.st.stm32cube.ide.mcu.externaltools.gnu-tools-for-stm32.9-2020-q2-update.win32_2.0.0.202105311346/tools/bin/../lib/gcc/arm-none-eabi/9.3.1/../../../../arm-none-eabi/lib/thumb/v7e-m+fp/hard\libm.a(lib_a-s_scalbn.o)
                0x00000000080051d0                scalbn
 .text.abort    0x00000000080052dc        0xe d:/cubeide/stm32cubeide_1.7.0/stm32cubeide/plugins/com.st.stm32cube.ide.mcu.externaltools.gnu-tools-for-stm32.9-2020-q2-update.win32_2.0.0.202105311346/tools/bin/../lib/gcc/arm-none-eabi/9.3.1/../../../../arm-none-eabi/lib/thumb/v7e-m+fp/hard\libc_nano.a(lib_a-abort.o)
                0x00000000080052dc                abort
 .text.atexit   0x00000000080052ea        0xc d:/cubeide/stm32cubeide_1.7.0/stm32cubeide/plugins/com.st.stm32cube.ide.mcu.externaltools.gnu-tools-for-stm32.9-2020-q2-update.win32_2.0.0.202105311346/tools/bin/../lib/gcc/arm-none-eabi/9.3.1/../../../../arm-none-eabi/lib/thumb/v7e-m+fp/hard\libc_nano.a(lib_a-atexit.o)
                0x00000000080052ea                atexit
 *fill*         0x00000000080052f6        0x2 
 .text.__errno  0x00000000080052f8        0xc d:/cubeide/stm32cubeide_1.7.0/stm32cubeide/plugins/com.st.stm32cube.ide.mcu.externaltools.gnu-tools-for-stm32.9-2020-q2-update.win32_2.0.0.202105311346/tools/bin/../lib/gcc/arm-none-eabi/9.3.1/../../../../arm-none-eabi/lib/thumb/v7e-m+fp/hard\libc_nano.a(lib_a-errno.o)
                0x00000000080052f8                __errno
 .text.__libc_init_array
                0x0000000008005304       0x48 d:/cubeide/stm32cubeide_1.7.0/stm32cubeide/plugins/com.st.stm32cube.ide.mcu.externaltools.gnu-tools-for-stm32.9-2020-q2-update.win32_2.0.0.202105311346/tools/bin/../lib/gcc/arm-none-eabi/9.3.1/../../../../arm-none-eabi/lib/thumb/v7e-m+fp/hard\libc_nano.a(lib_a-init.o)
                0x0000000008005304                __libc_init_array
 .text.malloc   0x000000000800534c       0x10 d:/cubeide/stm32cubeide_1.7.0/stm32cubeide/plugins/com.st.stm32cube.ide.mcu.externaltools.gnu-tools-for-stm32.9-2020-q2-update.win32_2.0.0.202105311346/tools/bin/../lib/gcc/arm-none-eabi/9.3.1/../../../../arm-none-eabi/lib/thumb/v7e-m+fp/hard\libc_nano.a(lib_a-malloc.o)
                0x000000000800534c                malloc
 .text.free     0x000000000800535c       0x10 d:/cubeide/stm32cubeide_1.7.0/stm32cubeide/plugins/com.st.stm32cube.ide.mcu.externaltools.gnu-tools-for-stm32.9-2020-q2-update.win32_2.0.0.202105311346/tools/bin/../lib/gcc/arm-none-eabi/9.3.1/../../../../arm-none-eabi/lib/thumb/v7e-m+fp/hard\libc_nano.a(lib_a-malloc.o)
                0x000000000800535c                free
 .text.memset   0x000000000800536c       0x10 d:/cubeide/stm32cubeide_1.7.0/stm32cubeide/plugins/com.st.stm32cube.ide.mcu.externaltools.gnu-tools-for-stm32.9-2020-q2-update.win32_2.0.0.202105311346/tools/bin/../lib/gcc/arm-none-eabi/9.3.1/../../../../arm-none-eabi/lib/thumb/v7e-m+fp/hard\libc_nano.a(lib_a-memset.o)
                0x000000000800536c                memset
 .text._free_r  0x000000000800537c       0xa0 d:/cubeide/stm32cubeide_1.7.0/stm32cubeide/plugins/com.st.stm32cube.ide.mcu.externaltools.gnu-tools-for-stm32.9-2020-q2-update.win32_2.0.0.202105311346/tools/bin/../lib/gcc/arm-none-eabi/9.3.1/../../../../arm-none-eabi/lib/thumb/v7e-m+fp/hard\libc_nano.a(lib_a-nano-freer.o)
                0x000000000800537c                _free_r
 .text._malloc_r
                0x000000000800541c       0xb4 d:/cubeide/stm32cubeide_1.7.0/stm32cubeide/plugins/com.st.stm32cube.ide.mcu.externaltools.gnu-tools-for-stm32.9-2020-q2-update.win32_2.0.0.202105311346/tools/bin/../lib/gcc/arm-none-eabi/9.3.1/../../../../arm-none-eabi/lib/thumb/v7e-m+fp/hard\libc_nano.a(lib_a-nano-mallocr.o)
                0x000000000800541c                _malloc_r
 .text._sbrk_r  0x00000000080054d0       0x20 d:/cubeide/stm32cubeide_1.7.0/stm32cubeide/plugins/com.st.stm32cube.ide.mcu.externaltools.gnu-tools-for-stm32.9-2020-q2-update.win32_2.0.0.202105311346/tools/bin/../lib/gcc/arm-none-eabi/9.3.1/../../../../arm-none-eabi/lib/thumb/v7e-m+fp/hard\libc_nano.a(lib_a-sbrkr.o)
                0x00000000080054d0                _sbrk_r
 .text._raise_r
                0x00000000080054f0       0x50 d:/cubeide/stm32cubeide_1.7.0/stm32cubeide/plugins/com.st.stm32cube.ide.mcu.externaltools.gnu-tools-for-stm32.9-2020-q2-update.win32_2.0.0.202105311346/tools/bin/../lib/gcc/arm-none-eabi/9.3.1/../../../../arm-none-eabi/lib/thumb/v7e-m+fp/hard\libc_nano.a(lib_a-signal.o)
                0x00000000080054f0                _raise_r
 .text.raise    0x0000000008005540       0x10 d:/cubeide/stm32cubeide_1.7.0/stm32cubeide/plugins/com.st.stm32cube.ide.mcu.externaltools.gnu-tools-for-stm32.9-2020-q2-update.win32_2.0.0.202105311346/tools/bin/../lib/gcc/arm-none-eabi/9.3.1/../../../../arm-none-eabi/lib/thumb/v7e-m+fp/hard\libc_nano.a(lib_a-signal.o)
                0x0000000008005540                raise
 .text._kill_r  0x0000000008005550       0x24 d:/cubeide/stm32cubeide_1.7.0/stm32cubeide/plugins/com.st.stm32cube.ide.mcu.externaltools.gnu-tools-for-stm32.9-2020-q2-update.win32_2.0.0.202105311346/tools/bin/../lib/gcc/arm-none-eabi/9.3.1/../../../../arm-none-eabi/lib/thumb/v7e-m+fp/hard\libc_nano.a(lib_a-signalr.o)
                0x0000000008005550                _kill_r
 .text._getpid_r
                0x0000000008005574        0x4 d:/cubeide/stm32cubeide_1.7.0/stm32cubeide/plugins/com.st.stm32cube.ide.mcu.externaltools.gnu-tools-for-stm32.9-2020-q2-update.win32_2.0.0.202105311346/tools/bin/../lib/gcc/arm-none-eabi/9.3.1/../../../../arm-none-eabi/lib/thumb/v7e-m+fp/hard\libc_nano.a(lib_a-signalr.o)
                0x0000000008005574                _getpid_r
 .text.sprintf  0x0000000008005578       0x40 d:/cubeide/stm32cubeide_1.7.0/stm32cubeide/plugins/com.st.stm32cube.ide.mcu.externaltools.gnu-tools-for-stm32.9-2020-q2-update.win32_2.0.0.202105311346/tools/bin/../lib/gcc/arm-none-eabi/9.3.1/../../../../arm-none-eabi/lib/thumb/v7e-m+fp/hard\libc_nano.a(lib_a-sprintf.o)
                0x0000000008005578                siprintf
                0x0000000008005578                sprintf
 .text.strstr   0x00000000080055b8       0x2e d:/cubeide/stm32cubeide_1.7.0/stm32cubeide/plugins/com.st.stm32cube.ide.mcu.externaltools.gnu-tools-for-stm32.9-2020-q2-update.win32_2.0.0.202105311346/tools/bin/../lib/gcc/arm-none-eabi/9.3.1/../../../../arm-none-eabi/lib/thumb/v7e-m+fp/hard\libc_nano.a(lib_a-strstr.o)
                0x00000000080055b8                strstr
 *fill*         0x00000000080055e6        0x2 
 .text._vsprintf_r
                0x00000000080055e8       0x2c d:/cubeide/stm32cubeide_1.7.0/stm32cubeide/plugins/com.st.stm32cube.ide.mcu.externaltools.gnu-tools-for-stm32.9-2020-q2-update.win32_2.0.0.202105311346/tools/bin/../lib/gcc/arm-none-eabi/9.3.1/../../../../arm-none-eabi/lib/thumb/v7e-m+fp/hard\libc_nano.a(lib_a-vsprintf.o)
                0x00000000080055e8                _vsprintf_r
                0x00000000080055e8                _vsiprintf_r
 .text.vsprintf
                0x0000000008005614       0x14 d:/cubeide/stm32cubeide_1.7.0/stm32cubeide/plugins/com.st.stm32cube.ide.mcu.externaltools.gnu-tools-for-stm32.9-2020-q2-update.win32_2.0.0.202105311346/tools/bin/../lib/gcc/arm-none-eabi/9.3.1/../../../../arm-none-eabi/lib/thumb/v7e-m+fp/hard\libc_nano.a(lib_a-vsprintf.o)
                0x0000000008005614                vsiprintf
                0x0000000008005614                vsprintf
 .text.__register_exitproc
                0x0000000008005628       0xc4 d:/cubeide/stm32cubeide_1.7.0/stm32cubeide/plugins/com.st.stm32cube.ide.mcu.externaltools.gnu-tools-for-stm32.9-2020-q2-update.win32_2.0.0.202105311346/tools/bin/../lib/gcc/arm-none-eabi/9.3.1/../../../../arm-none-eabi/lib/thumb/v7e-m+fp/hard\libc_nano.a(lib_a-__atexit.o)
                0x0000000008005628                __register_exitproc
 .text.__retarget_lock_acquire_recursive
                0x00000000080056ec        0x2 d:/cubeide/stm32cubeide_1.7.0/stm32cubeide/plugins/com.st.stm32cube.ide.mcu.externaltools.gnu-tools-for-stm32.9-2020-q2-update.win32_2.0.0.202105311346/tools/bin/../lib/gcc/arm-none-eabi/9.3.1/../../../../arm-none-eabi/lib/thumb/v7e-m+fp/hard\libc_nano.a(lib_a-lock.o)
                0x00000000080056ec                __retarget_lock_acquire_recursive
 .text.__retarget_lock_release
                0x00000000080056ee        0x2 d:/cubeide/stm32cubeide_1.7.0/stm32cubeide/plugins/com.st.stm32cube.ide.mcu.externaltools.gnu-tools-for-stm32.9-2020-q2-update.win32_2.0.0.202105311346/tools/bin/../lib/gcc/arm-none-eabi/9.3.1/../../../../arm-none-eabi/lib/thumb/v7e-m+fp/hard\libc_nano.a(lib_a-lock.o)
                0x00000000080056ee                __retarget_lock_release
 .text.__retarget_lock_release_recursive
                0x00000000080056f0        0x2 d:/cubeide/stm32cubeide_1.7.0/stm32cubeide/plugins/com.st.stm32cube.ide.mcu.externaltools.gnu-tools-for-stm32.9-2020-q2-update.win32_2.0.0.202105311346/tools/bin/../lib/gcc/arm-none-eabi/9.3.1/../../../../arm-none-eabi/lib/thumb/v7e-m+fp/hard\libc_nano.a(lib_a-lock.o)
                0x00000000080056f0                __retarget_lock_release_recursive
 *fill*         0x00000000080056f2        0x2 
 .text.__malloc_lock
                0x00000000080056f4        0xc d:/cubeide/stm32cubeide_1.7.0/stm32cubeide/plugins/com.st.stm32cube.ide.mcu.externaltools.gnu-tools-for-stm32.9-2020-q2-update.win32_2.0.0.202105311346/tools/bin/../lib/gcc/arm-none-eabi/9.3.1/../../../../arm-none-eabi/lib/thumb/v7e-m+fp/hard\libc_nano.a(lib_a-mlock.o)
                0x00000000080056f4                __malloc_lock
 .text.__malloc_unlock
                0x0000000008005700        0xc d:/cubeide/stm32cubeide_1.7.0/stm32cubeide/plugins/com.st.stm32cube.ide.mcu.externaltools.gnu-tools-for-stm32.9-2020-q2-update.win32_2.0.0.202105311346/tools/bin/../lib/gcc/arm-none-eabi/9.3.1/../../../../arm-none-eabi/lib/thumb/v7e-m+fp/hard\libc_nano.a(lib_a-mlock.o)
                0x0000000008005700                __malloc_unlock
 .text.__ssputs_r
                0x000000000800570c       0xb6 d:/cubeide/stm32cubeide_1.7.0/stm32cubeide/plugins/com.st.stm32cube.ide.mcu.externaltools.gnu-tools-for-stm32.9-2020-q2-update.win32_2.0.0.202105311346/tools/bin/../lib/gcc/arm-none-eabi/9.3.1/../../../../arm-none-eabi/lib/thumb/v7e-m+fp/hard\libc_nano.a(lib_a-nano-svfprintf.o)
                0x000000000800570c                __ssputs_r
 *fill*         0x00000000080057c2        0x2 
 .text._svfprintf_r
                0x00000000080057c4      0x200 d:/cubeide/stm32cubeide_1.7.0/stm32cubeide/plugins/com.st.stm32cube.ide.mcu.externaltools.gnu-tools-for-stm32.9-2020-q2-update.win32_2.0.0.202105311346/tools/bin/../lib/gcc/arm-none-eabi/9.3.1/../../../../arm-none-eabi/lib/thumb/v7e-m+fp/hard\libc_nano.a(lib_a-nano-svfprintf.o)
                0x00000000080057c4                _svfiprintf_r
                0x00000000080057c4                _svfprintf_r
 .text._printf_common
                0x00000000080059c4       0xda d:/cubeide/stm32cubeide_1.7.0/stm32cubeide/plugins/com.st.stm32cube.ide.mcu.externaltools.gnu-tools-for-stm32.9-2020-q2-update.win32_2.0.0.202105311346/tools/bin/../lib/gcc/arm-none-eabi/9.3.1/../../../../arm-none-eabi/lib/thumb/v7e-m+fp/hard\libc_nano.a(lib_a-nano-vfprintf_i.o)
                0x00000000080059c4                _printf_common
 *fill*         0x0000000008005a9e        0x2 
 .text._printf_i
                0x0000000008005aa0      0x24c d:/cubeide/stm32cubeide_1.7.0/stm32cubeide/plugins/com.st.stm32cube.ide.mcu.externaltools.gnu-tools-for-stm32.9-2020-q2-update.win32_2.0.0.202105311346/tools/bin/../lib/gcc/arm-none-eabi/9.3.1/../../../../arm-none-eabi/lib/thumb/v7e-m+fp/hard\libc_nano.a(lib_a-nano-vfprintf_i.o)
                0x0000000008005aa0                _printf_i
 .text.memcpy   0x0000000008005cec       0x1c d:/cubeide/stm32cubeide_1.7.0/stm32cubeide/plugins/com.st.stm32cube.ide.mcu.externaltools.gnu-tools-for-stm32.9-2020-q2-update.win32_2.0.0.202105311346/tools/bin/../lib/gcc/arm-none-eabi/9.3.1/../../../../arm-none-eabi/lib/thumb/v7e-m+fp/hard\libc_nano.a(lib_a-memcpy-stub.o)
                0x0000000008005cec                memcpy
 .text.memmove  0x0000000008005d08       0x34 d:/cubeide/stm32cubeide_1.7.0/stm32cubeide/plugins/com.st.stm32cube.ide.mcu.externaltools.gnu-tools-for-stm32.9-2020-q2-update.win32_2.0.0.202105311346/tools/bin/../lib/gcc/arm-none-eabi/9.3.1/../../../../arm-none-eabi/lib/thumb/v7e-m+fp/hard\libc_nano.a(lib_a-memmove.o)
                0x0000000008005d08                memmove
 .text._realloc_r
                0x0000000008005d3c       0x4c d:/cubeide/stm32cubeide_1.7.0/stm32cubeide/plugins/com.st.stm32cube.ide.mcu.externaltools.gnu-tools-for-stm32.9-2020-q2-update.win32_2.0.0.202105311346/tools/bin/../lib/gcc/arm-none-eabi/9.3.1/../../../../arm-none-eabi/lib/thumb/v7e-m+fp/hard\libc_nano.a(lib_a-nano-reallocr.o)
                0x0000000008005d3c                _realloc_r
 .text._malloc_usable_size_r
                0x0000000008005d88       0x10 d:/cubeide/stm32cubeide_1.7.0/stm32cubeide/plugins/com.st.stm32cube.ide.mcu.externaltools.gnu-tools-for-stm32.9-2020-q2-update.win32_2.0.0.202105311346/tools/bin/../lib/gcc/arm-none-eabi/9.3.1/../../../../arm-none-eabi/lib/thumb/v7e-m+fp/hard\libc_nano.a(lib_a-nano-msizer.o)
                0x0000000008005d88                _malloc_usable_size_r
 *(.glue_7)
 .glue_7        0x0000000008005d98        0x0 linker stubs
 *(.glue_7t)
 .glue_7t       0x0000000008005d98        0x0 linker stubs
 *(.eh_frame)
 .eh_frame      0x0000000008005d98        0x0 d:/cubeide/stm32cubeide_1.7.0/stm32cubeide/plugins/com.st.stm32cube.ide.mcu.externaltools.gnu-tools-for-stm32.9-2020-q2-update.win32_2.0.0.202105311346/tools/bin/../lib/gcc/arm-none-eabi/9.3.1/thumb/v7e-m+fp/hard/crtbegin.o
 *(.init)
 .init          0x0000000008005d98        0x4 d:/cubeide/stm32cubeide_1.7.0/stm32cubeide/plugins/com.st.stm32cube.ide.mcu.externaltools.gnu-tools-for-stm32.9-2020-q2-update.win32_2.0.0.202105311346/tools/bin/../lib/gcc/arm-none-eabi/9.3.1/thumb/v7e-m+fp/hard/crti.o
                0x0000000008005d98                _init
 .init          0x0000000008005d9c        0x8 d:/cubeide/stm32cubeide_1.7.0/stm32cubeide/plugins/com.st.stm32cube.ide.mcu.externaltools.gnu-tools-for-stm32.9-2020-q2-update.win32_2.0.0.202105311346/tools/bin/../lib/gcc/arm-none-eabi/9.3.1/thumb/v7e-m+fp/hard/crtn.o
 *(.fini)
 .fini          0x0000000008005da4        0x4 d:/cubeide/stm32cubeide_1.7.0/stm32cubeide/plugins/com.st.stm32cube.ide.mcu.externaltools.gnu-tools-for-stm32.9-2020-q2-update.win32_2.0.0.202105311346/tools/bin/../lib/gcc/arm-none-eabi/9.3.1/thumb/v7e-m+fp/hard/crti.o
                0x0000000008005da4                _fini
 .fini          0x0000000008005da8        0x8 d:/cubeide/stm32cubeide_1.7.0/stm32cubeide/plugins/com.st.stm32cube.ide.mcu.externaltools.gnu-tools-for-stm32.9-2020-q2-update.win32_2.0.0.202105311346/tools/bin/../lib/gcc/arm-none-eabi/9.3.1/thumb/v7e-m+fp/hard/crtn.o
                0x0000000008005db0                . = ALIGN (0x4)
                0x0000000008005db0                _etext = .

.vfp11_veneer   0x0000000008005db0        0x0
 .vfp11_veneer  0x0000000008005db0        0x0 linker stubs

.v4_bx          0x0000000008005db0        0x0
 .v4_bx         0x0000000008005db0        0x0 linker stubs

.iplt           0x0000000008005db0        0x0
 .iplt          0x0000000008005db0        0x0 d:/cubeide/stm32cubeide_1.7.0/stm32cubeide/plugins/com.st.stm32cube.ide.mcu.externaltools.gnu-tools-for-stm32.9-2020-q2-update.win32_2.0.0.202105311346/tools/bin/../lib/gcc/arm-none-eabi/9.3.1/thumb/v7e-m+fp/hard/crtbegin.o

.rodata         0x0000000008005db0      0x374
                0x0000000008005db0                . = ALIGN (0x4)
 *(.rodata)
 *(.rodata*)
 .rodata._ZTVN4core10EmptyEventE
                0x0000000008005db0       0x14 ./Components/console/controller.o
                0x0000000008005db0                vtable for core::EmptyEvent
 .rodata._ZTVN4core10FixedEventIhEE
                0x0000000008005dc4       0x14 ./Components/console/controller.o
                0x0000000008005dc4                vtable for core::FixedEvent<unsigned char>
 .rodata._ZTVN4core11ByteMachineIhEE
                0x0000000008005dd8       0x1c ./Components/console/controller.o
                0x0000000008005dd8                vtable for core::ByteMachine<unsigned char>
 .rodata._ZTVN7console10ControllerE
                0x0000000008005df4       0x14 ./Components/console/controller.o
                0x0000000008005df4                vtable for console::Controller
 .rodata._ZTVN7console6DriverE
                0x0000000008005e08       0x1c ./Components/console/driver.o
                0x0000000008005e08                vtable for console::Driver
 .rodata._ZN5esp329TcpClientC2Ev.str1.1
                0x0000000008005e24       0x12 ./Components/controller/controller.o
 .rodata._ZN6device10Controller26data2ServerCommandHandler_EhPh.str1.1
                0x0000000008005e36       0x14 ./Components/controller/controller.o
 *fill*         0x0000000008005e4a        0x2 
 .rodata._ZTVN4core13SimpleMachineE
                0x0000000008005e4c       0x1c ./Components/controller/controller.o
                0x0000000008005e4c                vtable for core::SimpleMachine
 .rodata._ZTVN4core6StrandE
                0x0000000008005e68       0x3c ./Components/controller/controller.o
                0x0000000008005e68                vtable for core::Strand
 .rodata._ZTVN4core10FixedEventIN5esp326Driver13messageServerEEE
                0x0000000008005ea4       0x14 ./Components/controller/controller.o
                0x0000000008005ea4                vtable for core::FixedEvent<esp32::Driver::messageServer>
 .rodata._ZTVN4core10FixedEventIN5esp329TcpClient11data2ServerEEE
                0x0000000008005eb8       0x14 ./Components/controller/controller.o
                0x0000000008005eb8                vtable for core::FixedEvent<esp32::TcpClient::data2Server>
 .rodata._ZTVN6device10ControllerE
                0x0000000008005ecc       0x1c ./Components/controller/controller.o
                0x0000000008005ecc                vtable for device::Controller
 .rodata._ZTVN4core5EventE
                0x0000000008005ee8       0x14 ./Components/core/engine.o
                0x0000000008005ee8                vtable for core::Event
 .rodata._ZTVN4core10EventQueueE
                0x0000000008005efc       0x20 ./Components/core/engine.o
                0x0000000008005efc                vtable for core::EventQueue
 .rodata._ZTVN4core6EngineE
                0x0000000008005f1c       0x14 ./Components/core/engine.o
                0x0000000008005f1c                vtable for core::Engine
 .rodata._ZTVN5esp326DriverE
                0x0000000008005f30       0x1c ./Components/esp32/driver.o
                0x0000000008005f30                vtable for esp32::Driver
 .rodata._ZN5esp328EspEventC2EPN4core9ComponentEMS2_FvbPhtE.str1.1
                0x0000000008005f4c       0x10 ./Components/esp32/esp-event.o
 .rodata._ZN5esp329TcpClient10TurnOffATEEv.str1.1
                0x0000000008005f5c       0x13 ./Components/esp32/tcpClient-sm.o
 .rodata._ZN5esp329TcpClient11SetWifiModeEv.str1.1
                0x0000000008005f6f       0x13 ./Components/esp32/tcpClient-sm.o
 .rodata._ZN5esp329TcpClient14CheckWifiStateEv.str1.1
                0x0000000008005f82       0x18 ./Components/esp32/tcpClient-sm.o
 .rodata._ZN5esp329TcpClient11ConnectWifiEv.str1.1
                0x0000000008005f9a       0x14 ./Components/esp32/tcpClient-sm.o
 .rodata._ZN5esp329TcpClient10ConnectingEv.str1.1
                0x0000000008005fae       0x12 ./Components/esp32/tcpClient-sm.o
 .rodata._ZN5esp329TcpClient11WritingDataEv.str1.1
                0x0000000008005fc0       0x14 ./Components/esp32/tcpClient-sm.o
 .rodata._ZN5esp329TcpClient9ConnectedEv.str1.1
                0x0000000008005fd4       0x11 ./Components/esp32/tcpClient-sm.o
 .rodata._ZN5esp329TcpClient11turnOffATE_Ev.str1.1
                0x0000000008005fe5        0x5 ./Components/esp32/tcpClient.o
 .rodata._ZN5esp329TcpClient12setWifiMode_Ev.str1.1
                0x0000000008005fea        0xc ./Components/esp32/tcpClient.o
 .rodata._ZN5esp329TcpClient15checkWifiState_Ev.str1.1
                0x0000000008005ff6        0xc ./Components/esp32/tcpClient.o
 .rodata._ZN5esp329TcpClient14connectRouter_Ev.str1.1
                0x0000000008006002       0x20 ./Components/esp32/tcpClient.o
 .rodata._ZN5esp329TcpClient14connectServer_Ev.str1.1
                0x0000000008006022       0x28 ./Components/esp32/tcpClient.o
 .rodata._ZN5esp329TcpClient12requestSend_Et.str1.1
                0x000000000800604a        0xe ./Components/esp32/tcpClient.o
 .rodata._ZN5esp329TcpClient30checkWifiStateEspEventHandler_EbPht.str1.1
                0x0000000008006058        0xe ./Components/esp32/tcpClient.o
                                          0x3 (size before relaxing)
 .rodata._ZN5esp329TcpClient29connectRouterEspEventHandler_EbPht.str1.1
                0x0000000008006058        0xf ./Components/esp32/tcpClient.o
 .rodata._ZN5esp329TcpClient29queryDeviceIdEspEventHandler_EbPht.str1.1
                0x0000000008006067        0xa ./Components/esp32/tcpClient.o
 .rodata._ZN5esp329TcpClient35SendingDataToServerEspEventHandler_EbPht.str1.1
                0x0000000008006071        0x8 ./Components/esp32/tcpClient.o
 *fill*         0x0000000008006079        0x3 
 .rodata._ZTVN5esp329TcpClientE
                0x000000000800607c       0x1c ./Components/esp32/tcpClient.o
                0x000000000800607c                vtable for esp32::TcpClient
 .rodata.AHBPrescTable
                0x0000000008006098       0x10 ./Core/Src/system_stm32f4xx.o
                0x0000000008006098                AHBPrescTable
 .rodata.APBPrescTable
                0x00000000080060a8        0x8 ./Core/Src/system_stm32f4xx.o
                0x00000000080060a8                APBPrescTable
 .rodata.__ieee754_pow.str1.1
                0x00000000080060b0        0x8 d:/cubeide/stm32cubeide_1.7.0/stm32cubeide/plugins/com.st.stm32cube.ide.mcu.externaltools.gnu-tools-for-stm32.9-2020-q2-update.win32_2.0.0.202105311346/tools/bin/../lib/gcc/arm-none-eabi/9.3.1/../../../../arm-none-eabi/lib/thumb/v7e-m+fp/hard\libm.a(lib_a-e_pow.o)
                                          0x1 (size before relaxing)
 .rodata.bp     0x00000000080060b0       0x10 d:/cubeide/stm32cubeide_1.7.0/stm32cubeide/plugins/com.st.stm32cube.ide.mcu.externaltools.gnu-tools-for-stm32.9-2020-q2-update.win32_2.0.0.202105311346/tools/bin/../lib/gcc/arm-none-eabi/9.3.1/../../../../arm-none-eabi/lib/thumb/v7e-m+fp/hard\libm.a(lib_a-e_pow.o)
 .rodata.dp_h   0x00000000080060c0       0x10 d:/cubeide/stm32cubeide_1.7.0/stm32cubeide/plugins/com.st.stm32cube.ide.mcu.externaltools.gnu-tools-for-stm32.9-2020-q2-update.win32_2.0.0.202105311346/tools/bin/../lib/gcc/arm-none-eabi/9.3.1/../../../../arm-none-eabi/lib/thumb/v7e-m+fp/hard\libm.a(lib_a-e_pow.o)
 .rodata.dp_l   0x00000000080060d0       0x10 d:/cubeide/stm32cubeide_1.7.0/stm32cubeide/plugins/com.st.stm32cube.ide.mcu.externaltools.gnu-tools-for-stm32.9-2020-q2-update.win32_2.0.0.202105311346/tools/bin/../lib/gcc/arm-none-eabi/9.3.1/../../../../arm-none-eabi/lib/thumb/v7e-m+fp/hard\libm.a(lib_a-e_pow.o)
 .rodata.TWO52  0x00000000080060e0       0x10 d:/cubeide/stm32cubeide_1.7.0/stm32cubeide/plugins/com.st.stm32cube.ide.mcu.externaltools.gnu-tools-for-stm32.9-2020-q2-update.win32_2.0.0.202105311346/tools/bin/../lib/gcc/arm-none-eabi/9.3.1/../../../../arm-none-eabi/lib/thumb/v7e-m+fp/hard\libm.a(lib_a-s_rint.o)
 .rodata._svfprintf_r.str1.1
                0x00000000080060f0       0x11 d:/cubeide/stm32cubeide_1.7.0/stm32cubeide/plugins/com.st.stm32cube.ide.mcu.externaltools.gnu-tools-for-stm32.9-2020-q2-update.win32_2.0.0.202105311346/tools/bin/../lib/gcc/arm-none-eabi/9.3.1/../../../../arm-none-eabi/lib/thumb/v7e-m+fp/hard\libc_nano.a(lib_a-nano-svfprintf.o)
 .rodata._printf_i.str1.1
                0x0000000008006101       0x22 d:/cubeide/stm32cubeide_1.7.0/stm32cubeide/plugins/com.st.stm32cube.ide.mcu.externaltools.gnu-tools-for-stm32.9-2020-q2-update.win32_2.0.0.202105311346/tools/bin/../lib/gcc/arm-none-eabi/9.3.1/../../../../arm-none-eabi/lib/thumb/v7e-m+fp/hard\libc_nano.a(lib_a-nano-vfprintf_i.o)
                0x0000000008006124                . = ALIGN (0x4)
 *fill*         0x0000000008006123        0x1 

.ARM.extab      0x0000000008006124        0x0
                0x0000000008006124                . = ALIGN (0x4)
 *(.ARM.extab* .gnu.linkonce.armextab.*)
                0x0000000008006124                . = ALIGN (0x4)

.ARM            0x0000000008006124        0x8
                0x0000000008006124                . = ALIGN (0x4)
                0x0000000008006124                __exidx_start = .
 *(.ARM.exidx*)
 .ARM.exidx     0x0000000008006124        0x8 d:/cubeide/stm32cubeide_1.7.0/stm32cubeide/plugins/com.st.stm32cube.ide.mcu.externaltools.gnu-tools-for-stm32.9-2020-q2-update.win32_2.0.0.202105311346/tools/bin/../lib/gcc/arm-none-eabi/9.3.1/thumb/v7e-m+fp/hard\libgcc.a(_udivmoddi4.o)
                0x000000000800612c                __exidx_end = .
                0x000000000800612c                . = ALIGN (0x4)

.rel.dyn        0x000000000800612c        0x0
 .rel.iplt      0x000000000800612c        0x0 d:/cubeide/stm32cubeide_1.7.0/stm32cubeide/plugins/com.st.stm32cube.ide.mcu.externaltools.gnu-tools-for-stm32.9-2020-q2-update.win32_2.0.0.202105311346/tools/bin/../lib/gcc/arm-none-eabi/9.3.1/thumb/v7e-m+fp/hard/crtbegin.o

.preinit_array  0x000000000800612c        0x0
                0x000000000800612c                . = ALIGN (0x4)
                0x000000000800612c                PROVIDE (__preinit_array_start = .)
 *(.preinit_array*)
                0x000000000800612c                PROVIDE (__preinit_array_end = .)
                0x000000000800612c                . = ALIGN (0x4)

.init_array     0x000000000800612c        0x4
                0x000000000800612c                . = ALIGN (0x4)
                0x000000000800612c                PROVIDE (__init_array_start = .)
 *(SORT_BY_NAME(.init_array.*))
 *(.init_array*)
 .init_array    0x000000000800612c        0x4 d:/cubeide/stm32cubeide_1.7.0/stm32cubeide/plugins/com.st.stm32cube.ide.mcu.externaltools.gnu-tools-for-stm32.9-2020-q2-update.win32_2.0.0.202105311346/tools/bin/../lib/gcc/arm-none-eabi/9.3.1/thumb/v7e-m+fp/hard/crtbegin.o
                0x0000000008006130                PROVIDE (__init_array_end = .)
                0x0000000008006130                . = ALIGN (0x4)

.fini_array     0x0000000008006130        0x4
                0x0000000008006130                . = ALIGN (0x4)
                [!provide]                        PROVIDE (__fini_array_start = .)
 *(SORT_BY_NAME(.fini_array.*))
 *(.fini_array*)
 .fini_array    0x0000000008006130        0x4 d:/cubeide/stm32cubeide_1.7.0/stm32cubeide/plugins/com.st.stm32cube.ide.mcu.externaltools.gnu-tools-for-stm32.9-2020-q2-update.win32_2.0.0.202105311346/tools/bin/../lib/gcc/arm-none-eabi/9.3.1/thumb/v7e-m+fp/hard/crtbegin.o
                [!provide]                        PROVIDE (__fini_array_end = .)
                0x0000000008006134                . = ALIGN (0x4)
                0x0000000008006134                _sidata = LOADADDR (.data)

.data           0x0000000020000000       0x7c load address 0x0000000008006134
                0x0000000020000000                . = ALIGN (0x4)
                0x0000000020000000                _sdata = .
 *(.data)
 *(.data*)
 .data.SystemCoreClock
                0x0000000020000000        0x4 ./Core/Src/system_stm32f4xx.o
                0x0000000020000000                SystemCoreClock
 .data.uwTickFreq
                0x0000000020000004        0x1 ./Drivers/STM32F4xx_HAL_Driver/Src/stm32f4xx_hal.o
                0x0000000020000004                uwTickFreq
 *fill*         0x0000000020000005        0x3 
 .data.uwTickPrio
                0x0000000020000008        0x4 ./Drivers/STM32F4xx_HAL_Driver/Src/stm32f4xx_hal.o
                0x0000000020000008                uwTickPrio
 .data._ZN10__cxxabiv119__terminate_handlerE
                0x000000002000000c        0x4 d:/cubeide/stm32cubeide_1.7.0/stm32cubeide/plugins/com.st.stm32cube.ide.mcu.externaltools.gnu-tools-for-stm32.9-2020-q2-update.win32_2.0.0.202105311346/tools/bin/../lib/gcc/arm-none-eabi/9.3.1/../../../../arm-none-eabi/lib/thumb/v7e-m+fp/hard\libstdc++_nano.a(eh_term_handler.o)
                0x000000002000000c                __cxxabiv1::__terminate_handler
 .data.__fdlib_version
                0x0000000020000010        0x1 d:/cubeide/stm32cubeide_1.7.0/stm32cubeide/plugins/com.st.stm32cube.ide.mcu.externaltools.gnu-tools-for-stm32.9-2020-q2-update.win32_2.0.0.202105311346/tools/bin/../lib/gcc/arm-none-eabi/9.3.1/../../../../arm-none-eabi/lib/thumb/v7e-m+fp/hard\libm.a(lib_a-s_lib_ver.o)
                0x0000000020000010                __fdlib_version
 *fill*         0x0000000020000011        0x3 
 .data._impure_ptr
                0x0000000020000014        0x4 d:/cubeide/stm32cubeide_1.7.0/stm32cubeide/plugins/com.st.stm32cube.ide.mcu.externaltools.gnu-tools-for-stm32.9-2020-q2-update.win32_2.0.0.202105311346/tools/bin/../lib/gcc/arm-none-eabi/9.3.1/../../../../arm-none-eabi/lib/thumb/v7e-m+fp/hard\libc_nano.a(lib_a-impure.o)
                0x0000000020000014                _impure_ptr
 .data.impure_data