base.h:23:18:virtual void core::Component::init()	0	static
engine.h:26:23:void __tcf_0()	0	static
machine.h:13:10:void core::Machine::NullState()	0	static
machine.h:16:18:virtual bool core::Machine::check_(uint8_t, core::Machine::State)	8	static
machine.h:17:18:virtual void core::Machine::start_(core::Machine::State)	16	static
machine.h:62:10:void core::SimpleMachine::execute(uint8_t&)	8	static
machine.h:78:10:virtual bool core::SimpleMachine::check_(uint8_t, core::Machine::State)	16	static
machine.h:85:10:virtual void core::SimpleMachine::start_(core::Machine::State)	16	static
machine.h:8:7:core::Machine::~Machine()	0	static
machine.h:23:7:core::SimpleMachine::~SimpleMachine()	0	static
event.h:49:7:core::FixedEvent<unsigned char>::~FixedEvent()	0	static
event.h:60:10:void core::FixedEvent<E>::execute(core::AbstractEventQueue*) [with E = unsigned char]	16	static
machine.h:8:7:virtual core::Machine::~Machine()	8	static
machine.h:23:7:virtual core::SimpleMachine::~SimpleMachine()	8	static
event.h:49:7:virtual core::FixedEvent<unsigned char>::~FixedEvent()	8	static
controller.h:9:1:void __tcf_3()	0	static
controller.h:9:1:void __tcf_2()	0	static
engine.h:24:20:static core::Engine& core::Engine::instance()	8	static
controller.h:11:2:void device::Controller::timeoutHandler_()	24	static
controller.h:9:1:static console::Controller& console::Controller::instance()	24	static
controller.h:9:1:static device::Controller& device::Controller::instance()	24	static
controller.h:13:2:static void device::Controller::data2ServerCommand(uint16_t, uint8_t, uint8_t*)	16	static
main.cpp:3:5:int main()	8	static
