engine.h:26:23:void __tcf_0()	0	static
driver-sm.cpp:7:1:void esp32::Driver::Startup()	32	static
driver-sm.cpp:30:1:void esp32::Driver::Sending()	48	static
event-queue.h:29:17:void core::EventQueue::post(uint8_t)	0	static,ignoring_inline_asm
engine.h:24:20:static core::Engine& core::Engine::instance()	8	static
driver-sm.cpp:64:1:void esp32::Driver::Rebooting()	24	static
event.h:54:10:void core::FixedEvent<E>::post(const E&) [with E = unsigned char]	24	static
driver-sm.cpp:15:1:void esp32::Driver::Ready()	40	static
driver-sm.cpp:45:1:void esp32::Driver::ReceivingData()	40	static
