base.h:23:18:virtual void core::Component::init()	0	static
event.h:37:10:virtual void core::EmptyEvent::execute(core::AbstractEventQueue*)	4	static
machine.h:13:10:void core::Machine::NullState()	0	static
machine.h:16:18:virtual bool core::Machine::check_(uint8_t, core::Machine::State)	8	static
machine.h:17:18:virtual void core::Machine::start_(core::Machine::State)	16	static
machine.h:62:10:void core::SimpleMachine::execute(uint8_t&)	8	static
machine.h:78:10:virtual bool core::SimpleMachine::check_(uint8_t, core::Machine::State)	16	static
machine.h:85:10:virtual void core::SimpleMachine::start_(core::Machine::State)	16	static
controller.h:9:1:void __tcf_2()	0	static
machine.h:8:7:core::Machine::~Machine()	0	static
machine.h:23:7:core::SimpleMachine::~SimpleMachine()	0	static
driver.h:19:2:void esp32::Driver::timerHandler_()	16	static
event.h:49:7:core::FixedEvent<unsigned char>::~FixedEvent()	0	static
event.h:27:7:core::EmptyEvent::~EmptyEvent()	0	static
event.h:60:10:void core::FixedEvent<E>::execute(core::AbstractEventQueue*) [with E = unsigned char]	16	static
machine.h:8:7:virtual core::Machine::~Machine()	8	static
event.h:27:7:virtual core::EmptyEvent::~EmptyEvent()	8	static
machine.h:23:7:virtual core::SimpleMachine::~SimpleMachine()	8	static
event.h:49:7:virtual core::FixedEvent<unsigned char>::~FixedEvent()	8	static
driver.h:18:1:void __tcf_3()	0	static
driver.h:18:1:static esp32::Driver& esp32::Driver::instance()	24	static
esp-event.cpp:5:1:esp32::EspEvent::EspEvent(core::Component*, esp32::EspEvent::Handler)	40	static
esp-event.cpp:12:6:void esp32::EspEvent::post(uint8_t*, uint16_t)	16	static
esp-event.cpp:17:6:void esp32::EspEvent::execute(bool, uint8_t*, uint16_t)	16	static
